Archive member included to satisfy reference by file (symbol)

c:/intelfpga_lite/18.1/nios2eds/bin/gnu/h-x86_64-mingw32/bin/../lib/gcc/nios2-elf/5.3.0/../../../../../H-x86_64-mingw32/nios2-elf/lib\libsmallc.a(lib_a-printf.o)
                              obj/default/hello_world.o (printf)
c:/intelfpga_lite/18.1/nios2eds/bin/gnu/h-x86_64-mingw32/bin/../lib/gcc/nios2-elf/5.3.0/../../../../../H-x86_64-mingw32/nios2-elf/lib\libsmallc.a(lib_a-putchar.o)
                              obj/default/hello_world.o (putchar)
c:/intelfpga_lite/18.1/nios2eds/bin/gnu/h-x86_64-mingw32/bin/../lib/gcc/nios2-elf/5.3.0/../../../../../H-x86_64-mingw32/nios2-elf/lib\libsmallc.a(lib_a-puts.o)
                              obj/default/hello_world.o (puts)
c:/intelfpga_lite/18.1/nios2eds/bin/gnu/h-x86_64-mingw32/bin/../lib/gcc/nios2-elf/5.3.0/../../../../../H-x86_64-mingw32/nios2-elf/lib\libsmallc.a(lib_a-strlen.o)
                              c:/intelfpga_lite/18.1/nios2eds/bin/gnu/h-x86_64-mingw32/bin/../lib/gcc/nios2-elf/5.3.0/../../../../../H-x86_64-mingw32/nios2-elf/lib\libsmallc.a(lib_a-puts.o) (strlen)
c:/intelfpga_lite/18.1/nios2eds/bin/gnu/h-x86_64-mingw32/bin/../lib/gcc/nios2-elf/5.3.0/../../../../../H-x86_64-mingw32/nios2-elf/lib\libsmallc.a(lib_a-vfprintf.o)
                              c:/intelfpga_lite/18.1/nios2eds/bin/gnu/h-x86_64-mingw32/bin/../lib/gcc/nios2-elf/5.3.0/../../../../../H-x86_64-mingw32/nios2-elf/lib\libsmallc.a(lib_a-printf.o) (___vfprintf_internal_r)
c:/intelfpga_lite/18.1/nios2eds/bin/gnu/h-x86_64-mingw32/bin/../lib/gcc/nios2-elf/5.3.0/../../../../../H-x86_64-mingw32/nios2-elf/lib\libsmallc.a(lib_a-fvwrite_small_dev.o)
                              c:/intelfpga_lite/18.1/nios2eds/bin/gnu/h-x86_64-mingw32/bin/../lib/gcc/nios2-elf/5.3.0/../../../../../H-x86_64-mingw32/nios2-elf/lib\libsmallc.a(lib_a-printf.o) (__sfvwrite_small_dev)
c:/intelfpga_lite/18.1/nios2eds/bin/gnu/h-x86_64-mingw32/bin/../lib/gcc/nios2-elf/5.3.0/../../../../../H-x86_64-mingw32/nios2-elf/lib\libsmallc.a(lib_a-impure.o)
                              c:/intelfpga_lite/18.1/nios2eds/bin/gnu/h-x86_64-mingw32/bin/../lib/gcc/nios2-elf/5.3.0/../../../../../H-x86_64-mingw32/nios2-elf/lib\libsmallc.a(lib_a-printf.o) (_impure_ptr)
c:/intelfpga_lite/18.1/nios2eds/bin/gnu/h-x86_64-mingw32/bin/../lib/gcc/nios2-elf/5.3.0/../../../../../H-x86_64-mingw32/nios2-elf/lib\libsmallc.a(lib_a-putc.o)
                              c:/intelfpga_lite/18.1/nios2eds/bin/gnu/h-x86_64-mingw32/bin/../lib/gcc/nios2-elf/5.3.0/../../../../../H-x86_64-mingw32/nios2-elf/lib\libsmallc.a(lib_a-putchar.o) (_putc_r)
c:/intelfpga_lite/18.1/nios2eds/bin/gnu/h-x86_64-mingw32/bin/../lib/gcc/nios2-elf/5.3.0/../../../../../H-x86_64-mingw32/nios2-elf/lib\libsmallc.a(lib_a-writer.o)
                              c:/intelfpga_lite/18.1/nios2eds/bin/gnu/h-x86_64-mingw32/bin/../lib/gcc/nios2-elf/5.3.0/../../../../../H-x86_64-mingw32/nios2-elf/lib\libsmallc.a(lib_a-fvwrite_small_dev.o) (_write_r)
c:/intelfpga_lite/18.1/nios2eds/bin/gnu/h-x86_64-mingw32/bin/../lib/gcc/nios2-elf/5.3.0/../../../../../H-x86_64-mingw32/nios2-elf/lib\libsmallc.a(lib_a-int_errno.o)
                              c:/intelfpga_lite/18.1/nios2eds/bin/gnu/h-x86_64-mingw32/bin/../lib/gcc/nios2-elf/5.3.0/../../../../../H-x86_64-mingw32/nios2-elf/lib\libsmallc.a(lib_a-writer.o) (errno)
c:/intelfpga_lite/18.1/nios2eds/bin/gnu/h-x86_64-mingw32/bin/../lib/gcc/nios2-elf/5.3.0\libgcc.a(lib2-divmod.o)
                              c:/intelfpga_lite/18.1/nios2eds/bin/gnu/h-x86_64-mingw32/bin/../lib/gcc/nios2-elf/5.3.0/../../../../../H-x86_64-mingw32/nios2-elf/lib\libsmallc.a(lib_a-vfprintf.o) (__udivsi3)
../Nios_Custom_bsp/\libhal_bsp.a(alt_load.o)
                              ../Nios_Custom_bsp//obj/HAL/src/crt0.o (alt_load)
../Nios_Custom_bsp/\libhal_bsp.a(alt_main.o)
                              ../Nios_Custom_bsp//obj/HAL/src/crt0.o (alt_main)
../Nios_Custom_bsp/\libhal_bsp.a(alt_write.o)
                              c:/intelfpga_lite/18.1/nios2eds/bin/gnu/h-x86_64-mingw32/bin/../lib/gcc/nios2-elf/5.3.0/../../../../../H-x86_64-mingw32/nios2-elf/lib\libsmallc.a(lib_a-writer.o) (write)
../Nios_Custom_bsp/\libhal_bsp.a(alt_sys_init.o)
                              ../Nios_Custom_bsp/\libhal_bsp.a(alt_main.o) (alt_irq_init)
../Nios_Custom_bsp/\libhal_bsp.a(altera_avalon_jtag_uart_fd.o)
                              ../Nios_Custom_bsp/\libhal_bsp.a(alt_sys_init.o) (altera_avalon_jtag_uart_read_fd)
../Nios_Custom_bsp/\libhal_bsp.a(altera_avalon_jtag_uart_init.o)
                              ../Nios_Custom_bsp/\libhal_bsp.a(alt_sys_init.o) (altera_avalon_jtag_uart_init)
../Nios_Custom_bsp/\libhal_bsp.a(altera_avalon_jtag_uart_ioctl.o)
                              ../Nios_Custom_bsp/\libhal_bsp.a(altera_avalon_jtag_uart_fd.o) (altera_avalon_jtag_uart_ioctl)
../Nios_Custom_bsp/\libhal_bsp.a(altera_avalon_jtag_uart_read.o)
[...]
Memory Configuration

Name             Origin             Length             Attributes
reset            0x0000000000010000 0x0000000000000020
memory           0x0000000000010020 0x0000000000009c80
*default*        0x0000000000000000 0xffffffffffffffff

Linker script and memory map

LOAD ../Nios_Custom_bsp//obj/HAL/src/crt0.o
LOAD obj/default/hello_world.o
LOAD c:/intelfpga_lite/18.1/nios2eds/bin/gnu/h-x86_64-mingw32/bin/../lib/gcc/nios2-elf/5.3.0/../../../../../H-x86_64-mingw32/nios2-elf/lib\libstdc++.a
LOAD c:/intelfpga_lite/18.1/nios2eds/bin/gnu/h-x86_64-mingw32/bin/../lib/gcc/nios2-elf/5.3.0/../../../../../H-x86_64-mingw32/nios2-elf/lib\libm.a
LOAD c:/intelfpga_lite/18.1/nios2eds/bin/gnu/h-x86_64-mingw32/bin/../lib/gcc/nios2-elf/5.3.0\libgcc.a
START GROUP
LOAD c:/intelfpga_lite/18.1/nios2eds/bin/gnu/h-x86_64-mingw32/bin/../lib/gcc/nios2-elf/5.3.0/../../../../../H-x86_64-mingw32/nios2-elf/lib\libsmallc.a
LOAD c:/intelfpga_lite/18.1/nios2eds/bin/gnu/h-x86_64-mingw32/bin/../lib/gcc/nios2-elf/5.3.0\libgcc.a
LOAD ../Nios_Custom_bsp/\libhal_bsp.a
LOAD c:/intelfpga_lite/18.1/nios2eds/bin/gnu/h-x86_64-mingw32/bin/../lib/gcc/nios2-elf/5.3.0/../../../../../H-x86_64-mingw32/nios2-elf/lib\libm.a
END GROUP
LOAD c:/intelfpga_lite/18.1/nios2eds/bin/gnu/h-x86_64-mingw32/bin/../lib/gcc/nios2-elf/5.3.0\libgcc.a
                0x0000000000010000                __alt_mem_memory = 0x10000

.entry          0x0000000000010000       0x20
 *(.entry)
 .entry         0x0000000000010000       0x20 ../Nios_Custom_bsp//obj/HAL/src/crt0.o
                0x0000000000010000                __reset

.exceptions     0x0000000000010020      0x224
                0x0000000000010020                PROVIDE (__ram_exceptions_start, ABSOLUTE (.))
                0x0000000000010020                . = ALIGN (0x20)
 *(.irq)
 *(.exceptions.entry.label)
 .exceptions.entry.label
                0x0000000000010020        0x0 ../Nios_Custom_bsp/\libhal_bsp.a(alt_irq_entry.o)
                0x0000000000010020                alt_irq_entry
 .exceptions.entry.label
                0x0000000000010020        0x0 ../Nios_Custom_bsp/\libhal_bsp.a(alt_exception_entry.o)
                0x0000000000010020                alt_exception
 *(.exceptions.entry.user)
 *(.exceptions.entry.ecc_fatal)
 *(.exceptions.entry)
 .exceptions.entry
                0x0000000000010020       0x54 ../Nios_Custom_bsp/\libhal_bsp.a(alt_exception_entry.o)
 *(.exceptions.irqtest.user)
 *(.exceptions.irqtest)
 .exceptions.irqtest
                0x0000000000010074       0x10 ../Nios_Custom_bsp/\libhal_bsp.a(alt_irq_entry.o)
 *(.exceptions.irqhandler.user)
 *(.exceptions.irqhandler)
 .exceptions.irqhandler
                0x0000000000010084        0x4 ../Nios_Custom_bsp/\libhal_bsp.a(alt_irq_entry.o)
 *(.exceptions.irqreturn.user)
 *(.exceptions.irqreturn)
 .exceptions.irqreturn
                0x0000000000010088        0x4 ../Nios_Custom_bsp/\libhal_bsp.a(alt_irq_entry.o)
 *(.exceptions.notirq.label)
 .exceptions.notirq.label
                0x000000000001008c        0x0 ../Nios_Custom_bsp/\libhal_bsp.a(alt_irq_entry.o)
 *(.exceptions.notirq.user)
 *(.exceptions.notirq)
 .exceptions.notirq
                0x000000000001008c        0x8 ../Nios_Custom_bsp/\libhal_bsp.a(alt_exception_entry.o)
 *(.exceptions.soft.user)
 *(.exceptions.soft)
 *(.exceptions.unknown.user)
 *(.exceptions.unknown)
 .exceptions.unknown
                0x0000000000010094       0x14 ../Nios_Custom_bsp/\libhal_bsp.a(alt_exception_entry.o)
 *(.exceptions.exit.label)
 .exceptions.exit.label
                0x00000000000100a8        0x0 ../Nios_Custom_bsp/\libhal_bsp.a(alt_irq_entry.o)
 .exceptions.exit.label
                0x00000000000100a8        0x0 ../Nios_Custom_bsp/\libhal_bsp.a(alt_exception_entry.o)
 *(.exceptions.exit.user)
 *(.exceptions.exit)
 .exceptions.exit
                0x00000000000100a8       0x54 ../Nios_Custom_bsp/\libhal_bsp.a(alt_exception_entry.o)
 *(.exceptions)
 .exceptions    0x00000000000100fc       0xd4 ../Nios_Custom_bsp/\libhal_bsp.a(alt_irq_handler.o)
                0x00000000000100fc                alt_irq_handler
 .exceptions    0x00000000000101d0       0x74 ../Nios_Custom_bsp/\libhal_bsp.a(alt_instruction_exception_entry.o)
                0x00000000000101d0                alt_instruction_exception_entry
                0x0000000000010244                PROVIDE (__ram_exceptions_end, ABSOLUTE (.))
                0x0000000000010020                PROVIDE (__flash_exceptions_start, LOADADDR (.exceptions))

.text           0x0000000000010244     0x3294
                [!provide]                        PROVIDE (stext, ABSOLUTE (.))
 *(.interp)
 *(.hash)
 *(.dynsym)
 *(.dynstr)
 *(.gnu.version)
 *(.gnu.version_d)
 *(.gnu.version_r)
 *(.rel.init)
 *(.rela.init)
 *(.rel.text .rel.text.* .rel.gnu.linkonce.t.*)
 *(.rela.text .rela.text.* .rela.gnu.linkonce.t.*)
 *(.rel.fini)
 *(.rela.fini)
 *(.rel.rodata .rel.rodata.* .rel.gnu.linkonce.r.*)
 *(.rela.rodata .rela.rodata.* .rela.gnu.linkonce.r.*)
 *(.rel.data .rel.data.* .rel.gnu.linkonce.d.*)
 *(.rela.data .rela.data.* .rela.gnu.linkonce.d.*)
 *(.rel.tdata .rel.tdata.* .rel.gnu.linkonce.td.*)
 *(.rela.tdata .rela.tdata.* .rela.gnu.linkonce.td.*)
 *(.rel.tbss .rel.tbss.* .rel.gnu.linkonce.tb.*)
 *(.rela.tbss .rela.tbss.* .rela.gnu.linkonce.tb.*)
 *(.rel.ctors)
 *(.rela.ctors)
 *(.rel.dtors)
 *(.rela.dtors)
 *(.rel.got)
 *(.rela.got)
 *(.rel.sdata .rel.sdata.* .rel.gnu.linkonce.s.*)
 *(.rela.sdata .rela.sdata.* .rela.gnu.linkonce.s.*)
 *(.rel.sbss .rel.sbss.* .rel.gnu.linkonce.sb.*)
 *(.rela.sbss .rela.sbss.* .rela.gnu.linkonce.sb.*)
 *(.rel.sdata2 .rel.sdata2.* .rel.gnu.linkonce.s2.*)
 *(.rela.sdata2 .rela.sdata2.* .rela.gnu.linkonce.s2.*)
 *(.rel.sbss2 .rel.sbss2.* .rel.gnu.linkonce.sb2.*)
 *(.rela.sbss2 .rela.sbss2.* .rela.gnu.linkonce.sb2.*)
 *(.rel.bss .rel.bss.* .rel.gnu.linkonce.b.*)
 *(.rela.bss .rela.bss.* .rela.gnu.linkonce.b.*)
 *(.rel.plt)
 *(.rela.plt)
 *(.rel.dyn)
 *(.init)
 *(.plt)
 *(.text .stub .text.* .gnu.linkonce.t.*)
 .text          0x0000000000010244       0x4c ../Nios_Custom_bsp//obj/HAL/src/crt0.o
                0x0000000000010244                _start
 .text          0x0000000000010290      0x500 obj/default/hello_world.o
                0x0000000000010290                main
 .text          0x0000000000010790        0x0 c:/intelfpga_lite/18.1/nios2eds/bin/gnu/h-x86_64-mingw32/bin/../lib/gcc/nios2-elf/5.3.0/../../../../../H-x86_64-mingw32/nios2-elf/lib\libsmallc.a(lib_a-printf.o)
 .text._printf_r
                0x0000000000010790       0x3c c:/intelfpga_lite/18.1/nios2eds/bin/gnu/h-x86_64-mingw32/bin/../lib/gcc/nios2-elf/5.3.0/../../../../../H-x86_64-mingw32/nios2-elf/lib\libsmallc.a(lib_a-printf.o)
                0x0000000000010790                _printf_r
 .text.printf   0x00000000000107cc       0x4c c:/intelfpga_lite/18.1/nios2eds/bin/gnu/h-x86_64-mingw32/bin/../lib/gcc/nios2-elf/5.3.0/../../../../../H-x86_64-mingw32/nios2-elf/lib\libsmallc.a(lib_a-printf.o)
                0x00000000000107cc                printf
 .text          0x0000000000010818        0x0 c:/intelfpga_lite/18.1/nios2eds/bin/gnu/h-x86_64-mingw32/bin/../lib/gcc/nios2-elf/5.3.0/../../../../../H-x86_64-mingw32/nios2-elf/lib\libsmallc.a(lib_a-putchar.o)
 .text._putchar_r
                0x0000000000010818        0x8 c:/intelfpga_lite/18.1/nios2eds/bin/gnu/h-x86_64-mingw32/bin/../lib/gcc/nios2-elf/5.3.0/../../../../../H-x86_64-mingw32/nios2-elf/lib\libsmallc.a(lib_a-putchar.o)
                0x0000000000010818                _putchar_r
 .text.putchar  0x0000000000010820       0x1c c:/intelfpga_lite/18.1/nios2eds/bin/gnu/h-x86_64-mingw32/bin/../lib/gcc/nios2-elf/5.3.0/../../../../../H-x86_64-mingw32/nios2-elf/lib\libsmallc.a(lib_a-putchar.o)
                0x0000000000010820                putchar
 .text          0x000000000001083c        0x0 c:/intelfpga_lite/18.1/nios2eds/bin/gnu/h-x86_64-mingw32/bin/../lib/gcc/nios2-elf/5.3.0/../../../../../H-x86_64-mingw32/nios2-elf/lib\libsmallc.a(lib_a-puts.o)
 .text._puts_r  0x000000000001083c       0x80 c:/intelfpga_lite/18.1/nios2eds/bin/gnu/h-x86_64-mingw32/bin/../lib/gcc/nios2-elf/5.3.0/../../../../../H-x86_64-mingw32/nios2-elf/lib\libsmallc.a(lib_a-puts.o)
                0x000000000001083c                _puts_r
 .text.puts     0x00000000000108bc       0x14 c:/intelfpga_lite/18.1/nios2eds/bin/gnu/h-x86_64-mingw32/bin/../lib/gcc/nios2-elf/5.3.0/../../../../../H-x86_64-mingw32/nios2-elf/lib\libsmallc.a(lib_a-puts.o)
                0x00000000000108bc                puts
 .text          0x00000000000108d0        0x0 c:/intelfpga_lite/18.1/nios2eds/bin/gnu/h-x86_64-mingw32/bin/../lib/gcc/nios2-elf/5.3.0/../../../../../H-x86_64-mingw32/nios2-elf/lib\libsmallc.a(lib_a-strlen.o)
 .text.strlen   0x00000000000108d0       0x1c c:/intelfpga_lite/18.1/nios2eds/bin/gnu/h-x86_64-mingw32/bin/../lib/gcc/nios2-elf/5.3.0/../../../../../H-x86_64-mingw32/nios2-elf/lib\libsmallc.a(lib_a-strlen.o)
                0x00000000000108d0                strlen
 .text          0x00000000000108ec        0x0 c:/intelfpga_lite/18.1/nios2eds/bin/gnu/h-x86_64-mingw32/bin/../lib/gcc/nios2-elf/5.3.0/../../../../../H-x86_64-mingw32/nios2-elf/lib\libsmallc.a(lib_a-vfprintf.o)
 .text.print_repeat
                0x00000000000108ec       0x6c c:/intelfpga_lite/18.1/nios2eds/bin/gnu/h-x86_64-mingw32/bin/../lib/gcc/nios2-elf/5.3.0/../../../../../H-x86_64-mingw32/nios2-elf/lib\libsmallc.a(lib_a-vfprintf.o)
 .text.___vfprintf_internal_r
                0x0000000000010958      0x524 c:/intelfpga_lite/18.1/nios2eds/bin/gnu/h-x86_64-mingw32/bin/../lib/gcc/nios2-elf/5.3.0/../../../../../H-x86_64-mingw32/nios2-elf/lib\libsmallc.a(lib_a-vfprintf.o)
                0x0000000000010958                ___vfprintf_internal_r
 .text.__vfprintf_internal
                0x0000000000010e7c       0x1c c:/intelfpga_lite/18.1/nios2eds/bin/gnu/h-x86_64-mingw32/bin/../lib/gcc/nios2-elf/5.3.0/../../../../../H-x86_64-mingw32/nios2-elf/lib\libsmallc.a(lib_a-vfprintf.o)
                0x0000000000010e7c                __vfprintf_internal
 .text          0x0000000000010e98        0x0 c:/intelfpga_lite/18.1/nios2eds/bin/gnu/h-x86_64-mingw32/bin/../lib/gcc/nios2-elf/5.3.0/../../../../../H-x86_64-mingw32/nios2-elf/lib\libsmallc.a(lib_a-fvwrite_small_dev.o)
 .text.__sfvwrite_small_dev
                0x0000000000010e98       0xb8 c:/intelfpga_lite/18.1/nios2eds/bin/gnu/h-x86_64-mingw32/bin/../lib/gcc/nios2-elf/5.3.0/../../../../../H-x86_64-mingw32/nios2-elf/lib\libsmallc.a(lib_a-fvwrite_small_dev.o)
                0x0000000000010e98                __sfvwrite_small_dev
 .text          0x0000000000010f50        0x0 c:/intelfpga_lite/18.1/nios2eds/bin/gnu/h-x86_64-mingw32/bin/../lib/gcc/nios2-elf/5.3.0/../../../../../H-x86_64-mingw32/nios2-elf/lib\libsmallc.a(lib_a-impure.o)
 .text          0x0000000000010f50        0x0 c:/intelfpga_lite/18.1/nios2eds/bin/gnu/h-x86_64-mingw32/bin/../lib/gcc/nios2-elf/5.3.0/../../../../../H-x86_64-mingw32/nios2-elf/lib\libsmallc.a(lib_a-putc.o)
 .text.putc     0x0000000000010f50       0x54 c:/intelfpga_lite/18.1/nios2eds/bin/gnu/h-x86_64-mingw32/bin/../lib/gcc/nios2-elf/5.3.0/../../../../../H-x86_64-mingw32/nios2-elf/lib\libsmallc.a(lib_a-putc.o)
                0x0000000000010f50                putc
 .text._putc_r  0x0000000000010fa4       0x58 c:/intelfpga_lite/18.1/nios2eds/bin/gnu/h-x86_64-mingw32/bin/../lib/gcc/nios2-elf/5.3.0/../../../../../H-x86_64-mingw32/nios2-elf/lib\libsmallc.a(lib_a-putc.o)
                0x0000000000010fa4                _putc_r
 .text          0x0000000000010ffc        0x0 c:/intelfpga_lite/18.1/nios2eds/bin/gnu/h-x86_64-mingw32/bin/../lib/gcc/nios2-elf/5.3.0/../../../../../H-x86_64-mingw32/nios2-elf/lib\libsmallc.a(lib_a-writer.o)
 .text._write_r
                0x0000000000010ffc       0x58 c:/intelfpga_lite/18.1/nios2eds/bin/gnu/h-x86_64-mingw32/bin/../lib/gcc/nios2-elf/5.3.0/../../../../../H-x86_64-mingw32/nios2-elf/lib\libsmallc.a(lib_a-writer.o)
                0x0000000000010ffc                _write_r
 .text          0x0000000000011054        0x0 c:/intelfpga_lite/18.1/nios2eds/bin/gnu/h-x86_64-mingw32/bin/../lib/gcc/nios2-elf/5.3.0/../../../../../H-x86_64-mingw32/nios2-elf/lib\libsmallc.a(lib_a-int_errno.o)
 .text          0x0000000000011054      0x1b4 c:/intelfpga_lite/18.1/nios2eds/bin/gnu/h-x86_64-mingw32/bin/../lib/gcc/nios2-elf/5.3.0\libgcc.a(lib2-divmod.o)
                0x0000000000011054                __divsi3
                0x00000000000110d8                __modsi3
                0x000000000001114c                __udivsi3
                0x00000000000111b0                __umodsi3
 .text          0x0000000000011208       0xec ../Nios_Custom_bsp/\libhal_bsp.a(alt_load.o)
                0x0000000000011270                alt_load
 .text          0x00000000000112f4       0x7c ../Nios_Custom_bsp/\libhal_bsp.a(alt_main.o)
                0x00000000000112f4                alt_main
 .text          0x0000000000011370      0x134 ../Nios_Custom_bsp/\libhal_bsp.a(alt_write.o)
                0x00000000000113ac                write
 .text          0x00000000000114a4       0xc4 ../Nios_Custom_bsp/\libhal_bsp.a(alt_sys_init.o)
                0x00000000000114d8                alt_irq_init
                0x0000000000011510                alt_sys_init
 .text          0x0000000000011568      0x164 ../Nios_Custom_bsp/\libhal_bsp.a(altera_avalon_jtag_uart_fd.o)
                0x0000000000011568                altera_avalon_jtag_uart_read_fd
                0x00000000000115c8                altera_avalon_jtag_uart_write_fd
                0x0000000000011628                altera_avalon_jtag_uart_close_fd
                0x0000000000011678                altera_avalon_jtag_uart_ioctl_fd
 .text          0x00000000000116cc      0x3d4 ../Nios_Custom_bsp/\libhal_bsp.a(altera_avalon_jtag_uart_init.o)
                0x00000000000116cc                altera_avalon_jtag_uart_init
                0x0000000000011a38                altera_avalon_jtag_uart_close
 .text          0x0000000000011aa0       0xf0 ../Nios_Custom_bsp/\libhal_bsp.a(altera_avalon_jtag_uart_ioctl.o)
                0x0000000000011aa0                altera_avalon_jtag_uart_ioctl
 .text          0x0000000000011b90      0x21c ../Nios_Custom_bsp/\libhal_bsp.a(altera_avalon_jtag_uart_read.o)
                0x0000000000011b90                altera_avalon_jtag_uart_read
 .text          0x0000000000011dac      0x224 ../Nios_Custom_bsp/\libhal_bsp.a(altera_avalon_jtag_uart_write.o)
                0x0000000000011dac                altera_avalon_jtag_uart_write
 .text          0x0000000000011fd0      0x118 ../Nios_Custom_bsp/\libhal_bsp.a(altera_avalon_timer_ts.o)
                0x0000000000011fd0                alt_timestamp_start
                0x0000000000012048                alt_timestamp
                0x00000000000120c8                alt_timestamp_freq
 .text          0x00000000000120e8        0x0 ../Nios_Custom_bsp/\libhal_bsp.a(altera_avalon_timer_vars.o)
 .text          0x00000000000120e8      0x12c ../Nios_Custom_bsp/\libhal_bsp.a(alt_alarm_start.o)
                0x00000000000120e8                alt_alarm_start
 .text          0x0000000000012214      0x10c ../Nios_Custom_bsp/\libhal_bsp.a(alt_close.o)
                0x0000000000012250                close
 .text          0x0000000000012320       0x48 ../Nios_Custom_bsp/\libhal_bsp.a(alt_dcache_flush_all.o)
                0x0000000000012320                alt_dcache_flush_all
 .text          0x0000000000012368       0x2c ../Nios_Custom_bsp/\libhal_bsp.a(alt_dev.o)
 .text          0x0000000000012394       0xe0 ../Nios_Custom_bsp/\libhal_bsp.a(alt_dev_llist_insert.o)
                0x00000000000123d0                alt_dev_llist_insert
 .text          0x0000000000012474       0x60 ../Nios_Custom_bsp/\libhal_bsp.a(alt_do_ctors.o)
                0x0000000000012474                _do_ctors
 .text          0x00000000000124d4       0x60 ../Nios_Custom_bsp/\libhal_bsp.a(alt_do_dtors.o)
                0x00000000000124d4                _do_dtors
 .text          0x0000000000012534        0x0 ../Nios_Custom_bsp/\libhal_bsp.a(alt_errno.o)
 .text          0x0000000000012534       0x34 ../Nios_Custom_bsp/\libhal_bsp.a(alt_icache_flush_all.o)
                0x0000000000012534                alt_icache_flush_all
 .text          0x0000000000012568      0x1b0 ../Nios_Custom_bsp/\libhal_bsp.a(alt_iic.o)
                0x0000000000012568                alt_ic_isr_register
                0x00000000000125b8                alt_ic_irq_enable
                0x0000000000012640                alt_ic_irq_disable
                0x00000000000126cc                alt_ic_irq_enabled
 .text          0x0000000000012718       0xf0 ../Nios_Custom_bsp/\libhal_bsp.a(alt_iic_isr_register.o)
                0x0000000000012718                alt_iic_isr_register
 .text          0x0000000000012808      0x140 ../Nios_Custom_bsp/\libhal_bsp.a(alt_io_redirect.o)
                0x00000000000128cc                alt_io_redirect
 .text          0x0000000000012948        0x0 ../Nios_Custom_bsp/\libhal_bsp.a(alt_irq_entry.o)
 .text          0x0000000000012948        0x0 ../Nios_Custom_bsp/\libhal_bsp.a(alt_irq_handler.o)
 .text          0x0000000000012948        0x0 ../Nios_Custom_bsp/\libhal_bsp.a(alt_irq_vars.o)
 .text          0x0000000000012948      0x254 ../Nios_Custom_bsp/\libhal_bsp.a(alt_open.o)
                0x0000000000012a48                open
 .text          0x0000000000012b9c       0x64 ../Nios_Custom_bsp/\libhal_bsp.a(alt_release_fd.o)
                0x0000000000012b9c                alt_release_fd
 .text          0x0000000000012c00      0x1a4 ../Nios_Custom_bsp/\libhal_bsp.a(alt_tick.o)
                0x0000000000012c00                alt_alarm_stop
                0x0000000000012c9c                alt_tick
 .text          0x0000000000012da4       0x24 ../Nios_Custom_bsp/\libhal_bsp.a(altera_nios2_gen2_irq.o)
                0x0000000000012da4                altera_nios2_gen2_irq_init
 .text          0x0000000000012dc8        0x0 ../Nios_Custom_bsp/\libhal_bsp.a(alt_exception_entry.o)
 .text          0x0000000000012dc8       0x90 ../Nios_Custom_bsp/\libhal_bsp.a(alt_find_dev.o)
                0x0000000000012dc8                alt_find_dev
 .text          0x0000000000012e58      0x108 ../Nios_Custom_bsp/\libhal_bsp.a(alt_find_file.o)
                0x0000000000012e58                alt_find_file
 .text          0x0000000000012f60       0xa4 ../Nios_Custom_bsp/\libhal_bsp.a(alt_get_fd.o)
                0x0000000000012f60                alt_get_fd
 .text          0x0000000000013004       0x90 ../Nios_Custom_bsp/\libhal_bsp.a(alt_icache_flush.o)
                0x0000000000013004                alt_icache_flush
 .text          0x0000000000013094       0x9c ../Nios_Custom_bsp/\libhal_bsp.a(alt_instruction_exception_entry.o)
                0x0000000000013094                alt_exception_cause_generated_bad_addr
 .text          0x0000000000013130        0x0 c:/intelfpga_lite/18.1/nios2eds/bin/gnu/h-x86_64-mingw32/bin/../lib/gcc/nios2-elf/5.3.0/../../../../../H-x86_64-mingw32/nios2-elf/lib\libsmallc.a(lib_a-atexit.o)
 .text.atexit   0x0000000000013130       0x14 c:/intelfpga_lite/18.1/nios2eds/bin/gnu/h-x86_64-mingw32/bin/../lib/gcc/nios2-elf/5.3.0/../../../../../H-x86_64-mingw32/nios2-elf/lib\libsmallc.a(lib_a-atexit.o)
                0x0000000000013130                atexit
 .text          0x0000000000013144        0x0 c:/intelfpga_lite/18.1/nios2eds/bin/gnu/h-x86_64-mingw32/bin/../lib/gcc/nios2-elf/5.3.0/../../../../../H-x86_64-mingw32/nios2-elf/lib\libsmallc.a(lib_a-exit.o)
 .text.exit     0x0000000000013144       0x20 c:/intelfpga_lite/18.1/nios2eds/bin/gnu/h-x86_64-mingw32/bin/../lib/gcc/nios2-elf/5.3.0/../../../../../H-x86_64-mingw32/nios2-elf/lib\libsmallc.a(lib_a-exit.o)
                0x0000000000013144                exit
 .text          0x0000000000013164        0x0 c:/intelfpga_lite/18.1/nios2eds/bin/gnu/h-x86_64-mingw32/bin/../lib/gcc/nios2-elf/5.3.0/../../../../../H-x86_64-mingw32/nios2-elf/lib\libsmallc.a(lib_a-memcmp.o)
 .text.memcmp   0x0000000000013164       0x30 c:/intelfpga_lite/18.1/nios2eds/bin/gnu/h-x86_64-mingw32/bin/../lib/gcc/nios2-elf/5.3.0/../../../../../H-x86_64-mingw32/nios2-elf/lib\libsmallc.a(lib_a-memcmp.o)
                0x0000000000013164                memcmp
 .text          0x0000000000013194        0x0 c:/intelfpga_lite/18.1/nios2eds/bin/gnu/h-x86_64-mingw32/bin/../lib/gcc/nios2-elf/5.3.0/../../../../../H-x86_64-mingw32/nios2-elf/lib\libsmallc.a(lib_a-memcpy.o)
 .text.memcpy   0x0000000000013194       0x28 c:/intelfpga_lite/18.1/nios2eds/bin/gnu/h-x86_64-mingw32/bin/../lib/gcc/nios2-elf/5.3.0/../../../../../H-x86_64-mingw32/nios2-elf/lib\libsmallc.a(lib_a-memcpy.o)
                0x0000000000013194                memcpy
 .text          0x00000000000131bc        0x0 c:/intelfpga_lite/18.1/nios2eds/bin/gnu/h-x86_64-mingw32/bin/../lib/gcc/nios2-elf/5.3.0/../../../../../H-x86_64-mingw32/nios2-elf/lib\libsmallc.a(lib_a-__atexit.o)
 .text.__register_exitproc
                0x00000000000131bc      0x158 c:/intelfpga_lite/18.1/nios2eds/bin/gnu/h-x86_64-mingw32/bin/../lib/gcc/nios2-elf/5.3.0/../../../../../H-x86_64-mingw32/nios2-elf/lib\libsmallc.a(lib_a-__atexit.o)
                0x00000000000131bc                __register_exitproc
 .text          0x0000000000013314        0x0 c:/intelfpga_lite/18.1/nios2eds/bin/gnu/h-x86_64-mingw32/bin/../lib/gcc/nios2-elf/5.3.0/../../../../../H-x86_64-mingw32/nios2-elf/lib\libsmallc.a(lib_a-__call_atexit.o)
 .text.__call_exitprocs
                0x0000000000013314      0x190 c:/intelfpga_lite/18.1/nios2eds/bin/gnu/h-x86_64-mingw32/bin/../lib/gcc/nios2-elf/5.3.0/../../../../../H-x86_64-mingw32/nios2-elf/lib\libsmallc.a(lib_a-__call_atexit.o)
                0x0000000000013314                __call_exitprocs
 .text          0x00000000000134a4       0x34 ../Nios_Custom_bsp/\libhal_bsp.a(alt_exit.o)
                0x00000000000134a4                _exit
 *(.gnu.warning.*)
 *(.fini)
                [!provide]                        PROVIDE (__etext, ABSOLUTE (.))
                [!provide]                        PROVIDE (_etext, ABSOLUTE (.))
                [!provide]                        PROVIDE (etext, ABSOLUTE (.))
 *(.eh_frame_hdr)
                0x00000000000134d8                . = ALIGN (0x4)
                [!provide]                        PROVIDE (__preinit_array_start, ABSOLUTE (.))
 *(.preinit_array)
                [!provide]                        PROVIDE (__preinit_array_end, ABSOLUTE (.))
                [!provide]                        PROVIDE (__init_array_start, ABSOLUTE (.))
 *(.init_array)
                [!provide]                        PROVIDE (__init_array_end, ABSOLUTE (.))
                [!provide]                        PROVIDE (__fini_array_start, ABSOLUTE (.))
 *(.fini_array)
                [!provide]                        PROVIDE (__fini_array_end, ABSOLUTE (.))
 *(.eh_frame)
 *(.gcc_except_table .gcc_except_table.*)
 *(.dynamic)
                0x00000000000134d8                PROVIDE (__CTOR_LIST__, ABSOLUTE (.))
 *(.ctors)
 *(SORT(.ctors.*))
                0x00000000000134d8                PROVIDE (__CTOR_END__, ABSOLUTE (.))
                0x00000000000134d8                PROVIDE (__DTOR_LIST__, ABSOLUTE (.))
 *(.dtors)
 *(SORT(.dtors.*))
                0x00000000000134d8                PROVIDE (__DTOR_END__, ABSOLUTE (.))
 *(.jcr)
                0x00000000000134d8                . = ALIGN (0x4)

.rodata         0x00000000000134d8       0x78
                0x00000000000134d8                PROVIDE (__ram_rodata_start, ABSOLUTE (.))
                0x00000000000134d8                . = ALIGN (0x4)
 *(.rodata .rodata.* .gnu.linkonce.r.*)
 .rodata        0x00000000000134d8       0x4f obj/default/hello_world.o
 *fill*         0x0000000000013527        0x1 
 .rodata.str1.4
                0x0000000000013528        0x4 c:/intelfpga_lite/18.1/nios2eds/bin/gnu/h-x86_64-mingw32/bin/../lib/gcc/nios2-elf/5.3.0/../../../../../H-x86_64-mingw32/nios2-elf/lib\libsmallc.a(lib_a-puts.o)
                                          0x2 (size before relaxing)
 .rodata        0x000000000001352c        0xa ../Nios_Custom_bsp/\libhal_bsp.a(alt_main.o)
 *fill*         0x0000000000013536        0x2 
 .rodata        0x0000000000013538        0xa ../Nios_Custom_bsp/\libhal_bsp.a(alt_sys_init.o)
 *fill*         0x0000000000013542        0x2 
 .rodata        0x0000000000013544        0xa ../Nios_Custom_bsp/\libhal_bsp.a(alt_dev.o)
 *(.rodata1)
                0x0000000000013550                . = ALIGN (0x4)
 *fill*         0x000000000001354e        0x2 
                0x0000000000013550                PROVIDE (__ram_rodata_end, ABSOLUTE (.))
                0x00000000000134d8                PROVIDE (__flash_rodata_start, LOADADDR (.rodata))

.rwdata         0x0000000000013550     0x1314 load address 0x0000000000014864
                0x0000000000013550                PROVIDE (__ram_rwdata_start, ABSOLUTE (.))
                0x0000000000013550                . = ALIGN (0x4)
 *(.got.plt)
 *(.got)
 *(.data1)
 *(.data .data.* .gnu.linkonce.d.*)
 .data          0x0000000000013550        0x0 ../Nios_Custom_bsp//obj/HAL/src/crt0.o
 .data          0x0000000000013550        0x0 obj/default/hello_world.o
 .data          0x0000000000013550        0x0 c:/intelfpga_lite/18.1/nios2eds/bin/gnu/h-x86_64-mingw32/bin/../lib/gcc/nios2-elf/5.3.0/../../../../../H-x86_64-mingw32/nios2-elf/lib\libsmallc.a(lib_a-printf.o)
 .data          0x0000000000013550        0x0 c:/intelfpga_lite/18.1/nios2eds/bin/gnu/h-x86_64-mingw32/bin/../lib/gcc/nios2-elf/5.3.0/../../../../../H-x86_64-mingw32/nios2-elf/lib\libsmallc.a(lib_a-putchar.o)
 .data          0x0000000000013550        0x0 c:/intelfpga_lite/18.1/nios2eds/bin/gnu/h-x86_64-mingw32/bin/../lib/gcc/nios2-elf/5.3.0/../../../../../H-x86_64-mingw32/nios2-elf/lib\libsmallc.a(lib_a-puts.o)
 .data          0x0000000000013550        0x0 c:/intelfpga_lite/18.1/nios2eds/bin/gnu/h-x86_64-mingw32/bin/../lib/gcc/nios2-elf/5.3.0/../../../../../H-x86_64-mingw32/nios2-elf/lib\libsmallc.a(lib_a-strlen.o)
 .data          0x0000000000013550        0x0 c:/intelfpga_lite/18.1/nios2eds/bin/gnu/h-x86_64-mingw32/bin/../lib/gcc/nios2-elf/5.3.0/../../../../../H-x86_64-mingw32/nios2-elf/lib\libsmallc.a(lib_a-vfprintf.o)
 .data          0x0000000000013550        0x0 c:/intelfpga_lite/18.1/nios2eds/bin/gnu/h-x86_64-mingw32/bin/../lib/gcc/nios2-elf/5.3.0/../../../../../H-x86_64-mingw32/nios2-elf/lib\libsmallc.a(lib_a-fvwrite_small_dev.o)
 .data          0x0000000000013550        0x0 c:/intelfpga_lite/18.1/nios2eds/bin/gnu/h-x86_64-mingw32/bin/../lib/gcc/nios2-elf/5.3.0/../../../../../H-x86_64-mingw32/nios2-elf/lib\libsmallc.a(lib_a-impure.o)
 .data.impure_data
                0x0000000000013550       0xe0 c:/intelfpga_lite/18.1/nios2eds/bin/gnu/h-x86_64-mingw32/bin/../lib/gcc/nios2-elf/5.3.0/../../../../../H-x86_64-mingw32/nios2-elf/lib\libsmallc.a(lib_a-impure.o)
 .data          0x0000000000013630        0x0 c:/intelfpga_lite/18.1/nios2eds/bin/gnu/h-x86_64-mingw32/bin/../lib/gcc/nios2-elf/5.3.0/../../../../../H-x86_64-mingw32/nios2-elf/lib\libsmallc.a(lib_a-putc.o)
 .data          0x0000000000013630        0x0 c:/intelfpga_lite/18.1/nios2eds/bin/gnu/h-x86_64-mingw32/bin/../lib/gcc/nios2-elf/5.3.0/../../../../../H-x86_64-mingw32/nios2-elf/lib\libsmallc.a(lib_a-writer.o)
 .data          0x0000000000013630        0x0 c:/intelfpga_lite/18.1/nios2eds/bin/gnu/h-x86_64-mingw32/bin/../lib/gcc/nios2-elf/5.3.0/../../../../../H-x86_64-mingw32/nios2-elf/lib\libsmallc.a(lib_a-int_errno.o)
 .data          0x0000000000013630        0x0 c:/intelfpga_lite/18.1/nios2eds/bin/gnu/h-x86_64-mingw32/bin/../lib/gcc/nios2-elf/5.3.0\libgcc.a(lib2-divmod.o)
 .data          0x0000000000013630        0x0 ../Nios_Custom_bsp/\libhal_bsp.a(alt_load.o)
 .data          0x0000000000013630        0x0 ../Nios_Custom_bsp/\libhal_bsp.a(alt_main.o)
 .data          0x0000000000013630        0x0 ../Nios_Custom_bsp/\libhal_bsp.a(alt_write.o)
 .data          0x0000000000013630     0x1060 ../Nios_Custom_bsp/\libhal_bsp.a(alt_sys_init.o)
 .data          0x0000000000014690        0x0 ../Nios_Custom_bsp/\libhal_bsp.a(altera_avalon_jtag_uart_fd.o)
 .data          0x0000000000014690        0x0 ../Nios_Custom_bsp/\libhal_bsp.a(altera_avalon_jtag_uart_init.o)
 .data          0x0000000000014690        0x0 ../Nios_Custom_bsp/\libhal_bsp.a(altera_avalon_jtag_uart_ioctl.o)
 .data          0x0000000000014690        0x0 ../Nios_Custom_bsp/\libhal_bsp.a(altera_avalon_jtag_uart_read.o)
 .data          0x0000000000014690        0x0 ../Nios_Custom_bsp/\libhal_bsp.a(altera_avalon_jtag_uart_write.o)
 .data          0x0000000000014690        0x0 ../Nios_Custom_bsp/\libhal_bsp.a(altera_avalon_timer_ts.o)
 .data          0x0000000000014690        0x0 ../Nios_Custom_bsp/\libhal_bsp.a(altera_avalon_timer_vars.o)
 .data          0x0000000000014690        0x0 ../Nios_Custom_bsp/\libhal_bsp.a(alt_alarm_start.o)
 .data          0x0000000000014690        0x0 ../Nios_Custom_bsp/\libhal_bsp.a(alt_close.o)
 .data          0x0000000000014690        0x0 ../Nios_Custom_bsp/\libhal_bsp.a(alt_dcache_flush_all.o)
 .data          0x0000000000014690      0x1a8 ../Nios_Custom_bsp/\libhal_bsp.a(alt_dev.o)
                0x0000000000014690                alt_dev_null
                0x00000000000146b8                alt_fd_list
 .data          0x0000000000014838        0x0 ../Nios_Custom_bsp/\libhal_bsp.a(alt_dev_llist_insert.o)
 .data          0x0000000000014838        0x0 ../Nios_Custom_bsp/\libhal_bsp.a(alt_do_ctors.o)
 .data          0x0000000000014838        0x0 ../Nios_Custom_bsp/\libhal_bsp.a(alt_do_dtors.o)
 .data          0x0000000000014838        0x0 ../Nios_Custom_bsp/\libhal_bsp.a(alt_errno.o)
 .data          0x0000000000014838        0x0 ../Nios_Custom_bsp/\libhal_bsp.a(alt_icache_flush_all.o)
 .data          0x0000000000014838        0x0 ../Nios_Custom_bsp/\libhal_bsp.a(alt_iic.o)
 .data          0x0000000000014838        0x0 ../Nios_Custom_bsp/\libhal_bsp.a(alt_iic_isr_register.o)
 .data          0x0000000000014838        0x0 ../Nios_Custom_bsp/\libhal_bsp.a(alt_io_redirect.o)
 .data          0x0000000000014838        0x0 ../Nios_Custom_bsp/\libhal_bsp.a(alt_irq_entry.o)
 .data          0x0000000000014838        0x0 ../Nios_Custom_bsp/\libhal_bsp.a(alt_irq_handler.o)
 .data          0x0000000000014838        0x0 ../Nios_Custom_bsp/\libhal_bsp.a(alt_irq_vars.o)
 .data          0x0000000000014838        0x0 ../Nios_Custom_bsp/\libhal_bsp.a(alt_open.o)
 .data          0x0000000000014838        0x0 ../Nios_Custom_bsp/\libhal_bsp.a(alt_release_fd.o)
 .data          0x0000000000014838        0x0 ../Nios_Custom_bsp/\libhal_bsp.a(alt_tick.o)
 .data          0x0000000000014838        0x0 ../Nios_Custom_bsp/\libhal_bsp.a(altera_nios2_gen2_irq.o)
 .data          0x0000000000014838        0x0 ../Nios_Custom_bsp/\libhal_bsp.a(alt_exception_entry.o)
 .data          0x0000000000014838        0x0 ../Nios_Custom_bsp/\libhal_bsp.a(alt_find_dev.o)
 .data          0x0000000000014838        0x0 ../Nios_Custom_bsp/\libhal_bsp.a(alt_find_file.o)
 .data          0x0000000000014838        0x0 ../Nios_Custom_bsp/\libhal_bsp.a(alt_get_fd.o)
 .data          0x0000000000014838        0x0 ../Nios_Custom_bsp/\libhal_bsp.a(alt_icache_flush.o)
 .data          0x0000000000014838        0x0 ../Nios_Custom_bsp/\libhal_bsp.a(alt_instruction_exception_entry.o)
 .data          0x0000000000014838        0x0 c:/intelfpga_lite/18.1/nios2eds/bin/gnu/h-x86_64-mingw32/bin/../lib/gcc/nios2-elf/5.3.0/../../../../../H-x86_64-mingw32/nios2-elf/lib\libsmallc.a(lib_a-atexit.o)
 .data          0x0000000000014838        0x0 c:/intelfpga_lite/18.1/nios2eds/bin/gnu/h-x86_64-mingw32/bin/../lib/gcc/nios2-elf/5.3.0/../../../../../H-x86_64-mingw32/nios2-elf/lib\libsmallc.a(lib_a-exit.o)
 .data          0x0000000000014838        0x0 c:/intelfpga_lite/18.1/nios2eds/bin/gnu/h-x86_64-mingw32/bin/../lib/gcc/nios2-elf/5.3.0/../../../../../H-x86_64-mingw32/nios2-elf/lib\libsmallc.a(lib_a-memcmp.o)
 .data          0x0000000000014838        0x0 c:/intelfpga_lite/18.1/nios2eds/bin/gnu/h-x86_64-mingw32/bin/../lib/gcc/nios2-elf/5.3.0/../../../../../H-x86_64-mingw32/nios2-elf/lib\libsmallc.a(lib_a-memcpy.o)
 .data          0x0000000000014838        0x0 c:/intelfpga_lite/18.1/nios2eds/bin/gnu/h-x86_64-mingw32/bin/../lib/gcc/nios2-elf/5.3.0/../../../../../H-x86_64-mingw32/nios2-elf/lib\libsmallc.a(lib_a-__atexit.o)
 .data          0x0000000000014838        0x0 c:/intelfpga_lite/18.1/nios2eds/bin/gnu/h-x86_64-mingw32/bin/../lib/gcc/nios2-elf/5.3.0/../../../../../H-x86_64-mingw32/nios2-elf/lib\libsmallc.a(lib_a-__call_atexit.o)
 .data          0x0000000000014838        0x0 ../Nios_Custom_bsp/\libhal_bsp.a(alt_exit.o)
                0x000000000001c838                _gp = ABSOLUTE ((. + 0x8000))
                [!provide]                        PROVIDE (gp, _gp)
 *(.rwdata .rwdata.*)
 *(.sdata .sdata.* .gnu.linkonce.s.*)
 .sdata._global_impure_ptr
                0x0000000000014838        0x4 c:/intelfpga_lite/18.1/nios2eds/bin/gnu/h-x86_64-mingw32/bin/../lib/gcc/nios2-elf/5.3.0/../../../../../H-x86_64-mingw32/nios2-elf/lib\libsmallc.a(lib_a-impure.o)
                0x0000000000014838                _global_impure_ptr
 .sdata._impure_ptr
                0x000000000001483c        0x4 c:/intelfpga_lite/18.1/nios2eds/bin/gnu/h-x86_64-mingw32/bin/../lib/gcc/nios2-elf/5.3.0/../../../../../H-x86_64-mingw32/nios2-elf/lib\libsmallc.a(lib_a-impure.o)
                0x000000000001483c                _impure_ptr
 .sdata         0x0000000000014840       0x14 ../Nios_Custom_bsp/\libhal_bsp.a(alt_dev.o)
                0x0000000000014840                alt_fs_list
                0x0000000000014848                alt_dev_list
                0x0000000000014850                alt_max_fd
 .sdata         0x0000000000014854        0x4 ../Nios_Custom_bsp/\libhal_bsp.a(alt_errno.o)
                0x0000000000014854                alt_errno
 .sdata         0x0000000000014858        0x4 ../Nios_Custom_bsp/\libhal_bsp.a(alt_irq_vars.o)
                0x0000000000014858                alt_priority_mask
 .sdata         0x000000000001485c        0x8 ../Nios_Custom_bsp/\libhal_bsp.a(alt_tick.o)
                0x000000000001485c                alt_alarm_list
 *(.sdata2 .sdata2.* .gnu.linkonce.s2.*)
                0x0000000000014864                . = ALIGN (0x4)
                0x0000000000014864                _edata = ABSOLUTE (.)
                [!provide]                        PROVIDE (edata, ABSOLUTE (.))
                0x0000000000014864                PROVIDE (__ram_rwdata_end, ABSOLUTE (.))
                0x0000000000014864                PROVIDE (__flash_rwdata_start, LOADADDR (.rwdata))

.bss            0x0000000000015b78      0x128
                0x0000000000015b78                __bss_start = ABSOLUTE (.)
                [!provide]                        PROVIDE (__sbss_start, ABSOLUTE (.))
                [!provide]                        PROVIDE (___sbss_start, ABSOLUTE (.))
 *(.dynsbss)
 *(.sbss .sbss.* .gnu.linkonce.sb.*)
 .sbss          0x0000000000015b78        0x4 c:/intelfpga_lite/18.1/nios2eds/bin/gnu/h-x86_64-mingw32/bin/../lib/gcc/nios2-elf/5.3.0/../../../../../H-x86_64-mingw32/nios2-elf/lib\libsmallc.a(lib_a-int_errno.o)
                0x0000000000015b78                errno
 .sbss          0x0000000000015b7c        0xc ../Nios_Custom_bsp/\libhal_bsp.a(alt_main.o)
                0x0000000000015b7c                alt_argc
                0x0000000000015b80                alt_argv
                0x0000000000015b84                alt_envp
 .sbss          0x0000000000015b88        0x8 ../Nios_Custom_bsp/\libhal_bsp.a(altera_avalon_timer_vars.o)
                0x0000000000015b88                altera_avalon_timer_ts_base
                0x0000000000015b8c                altera_avalon_timer_ts_freq
 .sbss          0x0000000000015b90        0x4 ../Nios_Custom_bsp/\libhal_bsp.a(alt_irq_vars.o)
                0x0000000000015b90                alt_irq_active
 .sbss          0x0000000000015b94        0x8 ../Nios_Custom_bsp/\libhal_bsp.a(alt_tick.o)
                0x0000000000015b94                _alt_tick_rate
                0x0000000000015b98                _alt_nticks
 .sbss          0x0000000000015b9c        0x4 ../Nios_Custom_bsp/\libhal_bsp.a(alt_instruction_exception_entry.o)
                0x0000000000015b9c                alt_instruction_exception_handler
 *(.sbss2 .sbss2.* .gnu.linkonce.sb2.*)
 *(.scommon)
                [!provide]                        PROVIDE (__sbss_end, ABSOLUTE (.))
                [!provide]                        PROVIDE (___sbss_end, ABSOLUTE (.))
 *(.dynbss)
 *(.bss .bss.* .gnu.linkonce.b.*)
 .bss           0x0000000000015ba0        0x0 ../Nios_Custom_bsp//obj/HAL/src/crt0.o
 .bss           0x0000000000015ba0        0x0 obj/default/hello_world.o
 .bss           0x0000000000015ba0        0x0 c:/intelfpga_lite/18.1/nios2eds/bin/gnu/h-x86_64-mingw32/bin/../lib/gcc/nios2-elf/5.3.0/../../../../../H-x86_64-mingw32/nios2-elf/lib\libsmallc.a(lib_a-printf.o)
 .bss           0x0000000000015ba0        0x0 c:/intelfpga_lite/18.1/nios2eds/bin/gnu/h-x86_64-mingw32/bin/../lib/gcc/nios2-elf/5.3.0/../../../../../H-x86_64-mingw32/nios2-elf/lib\libsmallc.a(lib_a-putchar.o)
 .bss           0x0000000000015ba0        0x0 c:/intelfpga_lite/18.1/nios2eds/bin/gnu/h-x86_64-mingw32/bin/../lib/gcc/nios2-elf/5.3.0/../../../../../H-x86_64-mingw32/nios2-elf/lib\libsmallc.a(lib_a-puts.o)
 .bss           0x0000000000015ba0        0x0 c:/intelfpga_lite/18.1/nios2eds/bin/gnu/h-x86_64-mingw32/bin/../lib/gcc/nios2-elf/5.3.0/../../../../../H-x86_64-mingw32/nios2-elf/lib\libsmallc.a(lib_a-strlen.o)
 .bss           0x0000000000015ba0        0x0 c:/intelfpga_lite/18.1/nios2eds/bin/gnu/h-x86_64-mingw32/bin/../lib/gcc/nios2-elf/5.3.0/../../../../../H-x86_64-mingw32/nios2-elf/lib\libsmallc.a(lib_a-vfprintf.o)
 .bss           0x0000000000015ba0        0x0 c:/intelfpga_lite/18.1/nios2eds/bin/gnu/h-x86_64-mingw32/bin/../lib/gcc/nios2-elf/5.3.0/../../../../../H-x86_64-mingw32/nios2-elf/lib\libsmallc.a(lib_a-fvwrite_small_dev.o)
 .bss           0x0000000000015ba0        0x0 c:/intelfpga_lite/18.1/nios2eds/bin/gnu/h-x86_64-mingw32/bin/../lib/gcc/nios2-elf/5.3.0/../../../../../H-x86_64-mingw32/nios2-elf/lib\libsmallc.a(lib_a-impure.o)
 .bss           0x0000000000015ba0        0x0 c:/intelfpga_lite/18.1/nios2eds/bin/gnu/h-x86_64-mingw32/bin/../lib/gcc/nios2-elf/5.3.0/../../../../../H-x86_64-mingw32/nios2-elf/lib\libsmallc.a(lib_a-putc.o)
 .bss           0x0000000000015ba0        0x0 c:/intelfpga_lite/18.1/nios2eds/bin/gnu/h-x86_64-mingw32/bin/../lib/gcc/nios2-elf/5.3.0/../../../../../H-x86_64-mingw32/nios2-elf/lib\libsmallc.a(lib_a-writer.o)
 .bss           0x0000000000015ba0        0x0 c:/intelfpga_lite/18.1/nios2eds/bin/gnu/h-x86_64-mingw32/bin/../lib/gcc/nios2-elf/5.3.0/../../../../../H-x86_64-mingw32/nios2-elf/lib\libsmallc.a(lib_a-int_errno.o)
 .bss           0x0000000000015ba0        0x0 c:/intelfpga_lite/18.1/nios2eds/bin/gnu/h-x86_64-mingw32/bin/../lib/gcc/nios2-elf/5.3.0\libgcc.a(lib2-divmod.o)
 .bss           0x0000000000015ba0        0x0 ../Nios_Custom_bsp/\libhal_bsp.a(alt_load.o)
 .bss           0x0000000000015ba0        0x0 ../Nios_Custom_bsp/\libhal_bsp.a(alt_main.o)
 .bss           0x0000000000015ba0        0x0 ../Nios_Custom_bsp/\libhal_bsp.a(alt_write.o)
 .bss           0x0000000000015ba0        0x0 ../Nios_Custom_bsp/\libhal_bsp.a(alt_sys_init.o)
 .bss           0x0000000000015ba0        0x0 ../Nios_Custom_bsp/\libhal_bsp.a(altera_avalon_jtag_uart_fd.o)
 .bss           0x0000000000015ba0        0x0 ../Nios_Custom_bsp/\libhal_bsp.a(altera_avalon_jtag_uart_init.o)
 .bss           0x0000000000015ba0        0x0 ../Nios_Custom_bsp/\libhal_bsp.a(altera_avalon_jtag_uart_ioctl.o)
 .bss           0x0000000000015ba0        0x0 ../Nios_Custom_bsp/\libhal_bsp.a(altera_avalon_jtag_uart_read.o)
 .bss           0x0000000000015ba0        0x0 ../Nios_Custom_bsp/\libhal_bsp.a(altera_avalon_jtag_uart_write.o)
 .bss           0x0000000000015ba0        0x0 ../Nios_Custom_bsp/\libhal_bsp.a(altera_avalon_timer_ts.o)
 .bss           0x0000000000015ba0        0x0 ../Nios_Custom_bsp/\libhal_bsp.a(altera_avalon_timer_vars.o)
 .bss           0x0000000000015ba0        0x0 ../Nios_Custom_bsp/\libhal_bsp.a(alt_alarm_start.o)
 .bss           0x0000000000015ba0        0x0 ../Nios_Custom_bsp/\libhal_bsp.a(alt_close.o)
 .bss           0x0000000000015ba0        0x0 ../Nios_Custom_bsp/\libhal_bsp.a(alt_dcache_flush_all.o)
 .bss           0x0000000000015ba0        0x0 ../Nios_Custom_bsp/\libhal_bsp.a(alt_dev.o)
 .bss           0x0000000000015ba0        0x0 ../Nios_Custom_bsp/\libhal_bsp.a(alt_dev_llist_insert.o)
 .bss           0x0000000000015ba0        0x0 ../Nios_Custom_bsp/\libhal_bsp.a(alt_do_ctors.o)
 .bss           0x0000000000015ba0        0x0 ../Nios_Custom_bsp/\libhal_bsp.a(alt_do_dtors.o)
 .bss           0x0000000000015ba0        0x0 ../Nios_Custom_bsp/\libhal_bsp.a(alt_errno.o)
 .bss           0x0000000000015ba0        0x0 ../Nios_Custom_bsp/\libhal_bsp.a(alt_icache_flush_all.o)
 .bss           0x0000000000015ba0        0x0 ../Nios_Custom_bsp/\libhal_bsp.a(alt_iic.o)
 .bss           0x0000000000015ba0        0x0 ../Nios_Custom_bsp/\libhal_bsp.a(alt_iic_isr_register.o)
 .bss           0x0000000000015ba0        0x0 ../Nios_Custom_bsp/\libhal_bsp.a(alt_io_redirect.o)
 .bss           0x0000000000015ba0        0x0 ../Nios_Custom_bsp/\libhal_bsp.a(alt_irq_entry.o)
 .bss           0x0000000000015ba0        0x0 ../Nios_Custom_bsp/\libhal_bsp.a(alt_irq_handler.o)
 .bss           0x0000000000015ba0        0x0 ../Nios_Custom_bsp/\libhal_bsp.a(alt_irq_vars.o)
 .bss           0x0000000000015ba0        0x0 ../Nios_Custom_bsp/\libhal_bsp.a(alt_open.o)
 .bss           0x0000000000015ba0        0x0 ../Nios_Custom_bsp/\libhal_bsp.a(alt_release_fd.o)
 .bss           0x0000000000015ba0        0x0 ../Nios_Custom_bsp/\libhal_bsp.a(alt_tick.o)
 .bss           0x0000000000015ba0        0x0 ../Nios_Custom_bsp/\libhal_bsp.a(altera_nios2_gen2_irq.o)
 .bss           0x0000000000015ba0        0x0 ../Nios_Custom_bsp/\libhal_bsp.a(alt_exception_entry.o)
 .bss           0x0000000000015ba0        0x0 ../Nios_Custom_bsp/\libhal_bsp.a(alt_find_dev.o)
 .bss           0x0000000000015ba0        0x0 ../Nios_Custom_bsp/\libhal_bsp.a(alt_find_file.o)
 .bss           0x0000000000015ba0        0x0 ../Nios_Custom_bsp/\libhal_bsp.a(alt_get_fd.o)
 .bss           0x0000000000015ba0        0x0 ../Nios_Custom_bsp/\libhal_bsp.a(alt_icache_flush.o)
 .bss           0x0000000000015ba0        0x0 ../Nios_Custom_bsp/\libhal_bsp.a(alt_instruction_exception_entry.o)
 .bss           0x0000000000015ba0        0x0 c:/intelfpga_lite/18.1/nios2eds/bin/gnu/h-x86_64-mingw32/bin/../lib/gcc/nios2-elf/5.3.0/../../../../../H-x86_64-mingw32/nios2-elf/lib\libsmallc.a(lib_a-atexit.o)
 .bss           0x0000000000015ba0        0x0 c:/intelfpga_lite/18.1/nios2eds/bin/gnu/h-x86_64-mingw32/bin/../lib/gcc/nios2-elf/5.3.0/../../../../../H-x86_64-mingw32/nios2-elf/lib\libsmallc.a(lib_a-exit.o)
 .bss           0x0000000000015ba0        0x0 c:/intelfpga_lite/18.1/nios2eds/bin/gnu/h-x86_64-mingw32/bin/../lib/gcc/nios2-elf/5.3.0/../../../../../H-x86_64-mingw32/nios2-elf/lib\libsmallc.a(lib_a-memcmp.o)
 .bss           0x0000000000015ba0        0x0 c:/intelfpga_lite/18.1/nios2eds/bin/gnu/h-x86_64-mingw32/bin/../lib/gcc/nios2-elf/5.3.0/../../../../../H-x86_64-mingw32/nios2-elf/lib\libsmallc.a(lib_a-memcpy.o)
 .bss           0x0000000000015ba0        0x0 c:/intelfpga_lite/18.1/nios2eds/bin/gnu/h-x86_64-mingw32/bin/../lib/gcc/nios2-elf/5.3.0/../../../../../H-x86_64-mingw32/nios2-elf/lib\libsmallc.a(lib_a-__atexit.o)
 .bss           0x0000000000015ba0        0x0 c:/intelfpga_lite/18.1/nios2eds/bin/gnu/h-x86_64-mingw32/bin/../lib/gcc/nios2-elf/5.3.0/../../../../../H-x86_64-mingw32/nios2-elf/lib\libsmallc.a(lib_a-__call_atexit.o)
 .bss           0x0000000000015ba0        0x0 ../Nios_Custom_bsp/\libhal_bsp.a(alt_exit.o)
 *(COMMON)
 COMMON         0x0000000000015ba0      0x100 ../Nios_Custom_bsp/\libhal_bsp.a(alt_irq_handler.o)
                0x0000000000015ba0                alt_irq
                0x0000000000015ca0                . = ALIGN (0x4)
                0x0000000000015ca0                __bss_end = ABSOLUTE (.)

.memory         0x0000000000015ca0        0x0
                [!provide]                        PROVIDE (_alt_partition_memory_start, ABSOLUTE (.))
 *(.memory .memory. memory.*)
                0x0000000000015ca0                . = ALIGN (0x4)
                [!provide]                        PROVIDE (_alt_partition_memory_end, ABSOLUTE (.))
                0x0000000000015ca0                _end = ABSOLUTE (.)
                0x0000000000015ca0                end = ABSOLUTE (.)
                0x0000000000015ca0                __alt_stack_base = ABSOLUTE (.)
                [!provide]                        PROVIDE (_alt_partition_memory_load_addr, LOADADDR (.memory))

.stab
 *(.stab)

.stabstr
 *(.stabstr)

.stab.excl
 *(.stab.excl)

.stab.exclstr
 *(.stab.exclstr)

.stab.index
 *(.stab.index)

.stab.indexstr
 *(.stab.indexstr)

.comment        0x0000000000000000       0x23
 *(.comment)
 .comment       0x0000000000000000       0x23 obj/default/hello_world.o
                                         0x24 (size before relaxing)
 .comment       0x0000000000000023       0x24 c:/intelfpga_lite/18.1/nios2eds/bin/gnu/h-x86_64-mingw32/bin/../lib/gcc/nios2-elf/5.3.0/../../../../../H-x86_64-mingw32/nios2-elf/lib\libsmallc.a(lib_a-printf.o)
 .comment       0x0000000000000023       0x24 c:/intelfpga_lite/18.1/nios2eds/bin/gnu/h-x86_64-mingw32/bin/../lib/gcc/nios2-elf/5.3.0/../../../../../H-x86_64-mingw32/nios2-elf/lib\libsmallc.a(lib_a-putchar.o)
 .comment       0x0000000000000023       0x24 c:/intelfpga_lite/18.1/nios2eds/bin/gnu/h-x86_64-mingw32/bin/../lib/gcc/nios2-elf/5.3.0/../../../../../H-x86_64-mingw32/nios2-elf/lib\libsmallc.a(lib_a-puts.o)
 .comment       0x0000000000000023       0x24 c:/intelfpga_lite/18.1/nios2eds/bin/gnu/h-x86_64-mingw32/bin/../lib/gcc/nios2-elf/5.3.0/../../../../../H-x86_64-mingw32/nios2-elf/lib\libsmallc.a(lib_a-strlen.o)
 .comment       0x0000000000000023       0x24 c:/intelfpga_lite/18.1/nios2eds/bin/gnu/h-x86_64-mingw32/bin/../lib/gcc/nios2-elf/5.3.0/../../../../../H-x86_64-mingw32/nios2-elf/lib\libsmallc.a(lib_a-vfprintf.o)
 .comment       0x0000000000000023       0x24 c:/intelfpga_lite/18.1/nios2eds/bin/gnu/h-x86_64-mingw32/bin/../lib/gcc/nios2-elf/5.3.0/../../../../../H-x86_64-mingw32/nios2-elf/lib\libsmallc.a(lib_a-fvwrite_small_dev.o)
 .comment       0x0000000000000023       0x24 c:/intelfpga_lite/18.1/nios2eds/bin/gnu/h-x86_64-mingw32/bin/../lib/gcc/nios2-elf/5.3.0/../../../../../H-x86_64-mingw32/nios2-elf/lib\libsmallc.a(lib_a-impure.o)
 .comment       0x0000000000000023       0x24 c:/intelfpga_lite/18.1/nios2eds/bin/gnu/h-x86_64-mingw32/bin/../lib/gcc/nios2-elf/5.3.0/../../../../../H-x86_64-mingw32/nios2-elf/lib\libsmallc.a(lib_a-putc.o)
 .comment       0x0000000000000023       0x24 c:/intelfpga_lite/18.1/nios2eds/bin/gnu/h-x86_64-mingw32/bin/../lib/gcc/nios2-elf/5.3.0/../../../../../H-x86_64-mingw32/nios2-elf/lib\libsmallc.a(lib_a-writer.o)
 .comment       0x0000000000000023       0x24 c:/intelfpga_lite/18.1/nios2eds/bin/gnu/h-x86_64-mingw32/bin/../lib/gcc/nios2-elf/5.3.0/../../../../../H-x86_64-mingw32/nios2-elf/lib\libsmallc.a(lib_a-int_errno.o)
 .comment       0x0000000000000023       0x24 c:/intelfpga_lite/18.1/nios2eds/bin/gnu/h-x86_64-mingw32/bin/../lib/gcc/nios2-elf/5.3.0\libgcc.a(lib2-divmod.o)
 .comment       0x0000000000000023       0x24 ../Nios_Custom_bsp/\libhal_bsp.a(alt_load.o)
 .comment       0x0000000000000023       0x24 ../Nios_Custom_bsp/\libhal_bsp.a(alt_main.o)
 .comment       0x0000000000000023       0x24 ../Nios_Custom_bsp/\libhal_bsp.a(alt_write.o)
 .comment       0x0000000000000023       0x24 ../Nios_Custom_bsp/\libhal_bsp.a(alt_sys_init.o)
 .comment       0x0000000000000023       0x24 ../Nios_Custom_bsp/\libhal_bsp.a(altera_avalon_jtag_uart_fd.o)
 .comment       0x0000000000000023       0x24 ../Nios_Custom_bsp/\libhal_bsp.a(altera_avalon_jtag_uart_init.o)
 .comment       0x0000000000000023       0x24 ../Nios_Custom_bsp/\libhal_bsp.a(altera_avalon_jtag_uart_ioctl.o)
 .comment       0x0000000000000023       0x24 ../Nios_Custom_bsp/\libhal_bsp.a(altera_avalon_jtag_uart_read.o)
 .comment       0x0000000000000023       0x24 ../Nios_Custom_bsp/\libhal_bsp.a(altera_avalon_jtag_uart_write.o)
 .comment       0x0000000000000023       0x24 ../Nios_Custom_bsp/\libhal_bsp.a(altera_avalon_timer_ts.o)
 .comment       0x0000000000000023       0x24 ../Nios_Custom_bsp/\libhal_bsp.a(altera_avalon_timer_vars.o)
 .comment       0x0000000000000023       0x24 ../Nios_Custom_bsp/\libhal_bsp.a(alt_alarm_start.o)
 .comment       0x0000000000000023       0x24 ../Nios_Custom_bsp/\libhal_bsp.a(alt_close.o)
 .comment       0x0000000000000023       0x24 ../Nios_Custom_bsp/\libhal_bsp.a(alt_dcache_flush_all.o)
 .comment       0x0000000000000023       0x24 ../Nios_Custom_bsp/\libhal_bsp.a(alt_dev.o)
 .comment       0x0000000000000023       0x24 ../Nios_Custom_bsp/\libhal_bsp.a(alt_dev_llist_insert.o)
 .comment       0x0000000000000023       0x24 ../Nios_Custom_bsp/\libhal_bsp.a(alt_do_ctors.o)
 .comment       0x0000000000000023       0x24 ../Nios_Custom_bsp/\libhal_bsp.a(alt_do_dtors.o)
 .comment       0x0000000000000023       0x24 ../Nios_Custom_bsp/\libhal_bsp.a(alt_errno.o)
 .comment       0x0000000000000023       0x24 ../Nios_Custom_bsp/\libhal_bsp.a(alt_icache_flush_all.o)
 .comment       0x0000000000000023       0x24 ../Nios_Custom_bsp/\libhal_bsp.a(alt_iic.o)
 .comment       0x0000000000000023       0x24 ../Nios_Custom_bsp/\libhal_bsp.a(alt_iic_isr_register.o)
 .comment       0x0000000000000023       0x24 ../Nios_Custom_bsp/\libhal_bsp.a(alt_io_redirect.o)
 .comment       0x0000000000000023       0x24 ../Nios_Custom_bsp/\libhal_bsp.a(alt_irq_handler.o)
 .comment       0x0000000000000023       0x24 ../Nios_Custom_bsp/\libhal_bsp.a(alt_irq_vars.o)
 .comment       0x0000000000000023       0x24 ../Nios_Custom_bsp/\libhal_bsp.a(alt_open.o)
 .comment       0x0000000000000023       0x24 ../Nios_Custom_bsp/\libhal_bsp.a(alt_release_fd.o)
 .comment       0x0000000000000023       0x24 ../Nios_Custom_bsp/\libhal_bsp.a(alt_tick.o)
 .comment       0x0000000000000023       0x24 ../Nios_Custom_bsp/\libhal_bsp.a(altera_nios2_gen2_irq.o)
 .comment       0x0000000000000023       0x24 ../Nios_Custom_bsp/\libhal_bsp.a(alt_find_dev.o)
 .comment       0x0000000000000023       0x24 ../Nios_Custom_bsp/\libhal_bsp.a(alt_find_file.o)
 .comment       0x0000000000000023       0x24 ../Nios_Custom_bsp/\libhal_bsp.a(alt_get_fd.o)
 .comment       0x0000000000000023       0x24 ../Nios_Custom_bsp/\libhal_bsp.a(alt_icache_flush.o)
 .comment       0x0000000000000023       0x24 ../Nios_Custom_bsp/\libhal_bsp.a(alt_instruction_exception_entry.o)
 .comment       0x0000000000000023       0x24 c:/intelfpga_lite/18.1/nios2eds/bin/gnu/h-x86_64-mingw32/bin/../lib/gcc/nios2-elf/5.3.0/../../../../../H-x86_64-mingw32/nios2-elf/lib\libsmallc.a(lib_a-atexit.o)
 .comment       0x0000000000000023       0x24 c:/intelfpga_lite/18.1/nios2eds/bin/gnu/h-x86_64-mingw32/bin/../lib/gcc/nios2-elf/5.3.0/../../../../../H-x86_64-mingw32/nios2-elf/lib\libsmallc.a(lib_a-exit.o)
 .comment       0x0000000000000023       0x24 c:/intelfpga_lite/18.1/nios2eds/bin/gnu/h-x86_64-mingw32/bin/../lib/gcc/nios2-elf/5.3.0/../../../../../H-x86_64-mingw32/nios2-elf/lib\libsmallc.a(lib_a-memcmp.o)
 .comment       0x0000000000000023       0x24 c:/intelfpga_lite/18.1/nios2eds/bin/gnu/h-x86_64-mingw32/bin/../lib/gcc/nios2-elf/5.3.0/../../../../../H-x86_64-mingw32/nios2-elf/lib\libsmallc.a(lib_a-memcpy.o)
 .comment       0x0000000000000023       0x24 c:/intelfpga_lite/18.1/nios2eds/bin/gnu/h-x86_64-mingw32/bin/../lib/gcc/nios2-elf/5.3.0/../../../../../H-x86_64-mingw32/nios2-elf/lib\libsmallc.a(lib_a-__atexit.o)
 .comment       0x0000000000000023       0x24 c:/intelfpga_lite/18.1/nios2eds/bin/gnu/h-x86_64-mingw32/bin/../lib/gcc/nios2-elf/5.3.0/../../../../../H-x86_64-mingw32/nios2-elf/lib\libsmallc.a(lib_a-__call_atexit.o)
 .comment       0x0000000000000023       0x24 ../Nios_Custom_bsp/\libhal_bsp.a(alt_exit.o)

.debug
 *(.debug)

.line
 *(.line)

.debug_srcinfo
 *(.debug_srcinfo)

.debug_sfnames
 *(.debug_sfnames)

.debug_aranges  0x0000000000000000      0x740
 *(.debug_aranges)
 .debug_aranges
                0x0000000000000000       0x28 ../Nios_Custom_bsp//obj/HAL/src/crt0.o
 .debug_aranges
                0x0000000000000028       0x20 obj/default/hello_world.o
 .debug_aranges
                0x0000000000000048       0x28 c:/intelfpga_lite/18.1/nios2eds/bin/gnu/h-x86_64-mingw32/bin/../lib/gcc/nios2-elf/5.3.0/../../../../../H-x86_64-mingw32/nios2-elf/lib\libsmallc.a(lib_a-printf.o)
 .debug_aranges
                0x0000000000000070       0x28 c:/intelfpga_lite/18.1/nios2eds/bin/gnu/h-x86_64-mingw32/bin/../lib/gcc/nios2-elf/5.3.0/../../../../../H-x86_64-mingw32/nios2-elf/lib\libsmallc.a(lib_a-putchar.o)
 .debug_aranges
                0x0000000000000098       0x28 c:/intelfpga_lite/18.1/nios2eds/bin/gnu/h-x86_64-mingw32/bin/../lib/gcc/nios2-elf/5.3.0/../../../../../H-x86_64-mingw32/nios2-elf/lib\libsmallc.a(lib_a-puts.o)
 .debug_aranges
                0x00000000000000c0       0x20 c:/intelfpga_lite/18.1/nios2eds/bin/gnu/h-x86_64-mingw32/bin/../lib/gcc/nios2-elf/5.3.0/../../../../../H-x86_64-mingw32/nios2-elf/lib\libsmallc.a(lib_a-strlen.o)
 .debug_aranges
                0x00000000000000e0       0x30 c:/intelfpga_lite/18.1/nios2eds/bin/gnu/h-x86_64-mingw32/bin/../lib/gcc/nios2-elf/5.3.0/../../../../../H-x86_64-mingw32/nios2-elf/lib\libsmallc.a(lib_a-vfprintf.o)
 .debug_aranges
                0x0000000000000110       0x20 c:/intelfpga_lite/18.1/nios2eds/bin/gnu/h-x86_64-mingw32/bin/../lib/gcc/nios2-elf/5.3.0/../../../../../H-x86_64-mingw32/nios2-elf/lib\libsmallc.a(lib_a-fvwrite_small_dev.o)
 .debug_aranges
                0x0000000000000130       0x18 c:/intelfpga_lite/18.1/nios2eds/bin/gnu/h-x86_64-mingw32/bin/../lib/gcc/nios2-elf/5.3.0/../../../../../H-x86_64-mingw32/nios2-elf/lib\libsmallc.a(lib_a-impure.o)
 .debug_aranges
                0x0000000000000148       0x28 c:/intelfpga_lite/18.1/nios2eds/bin/gnu/h-x86_64-mingw32/bin/../lib/gcc/nios2-elf/5.3.0/../../../../../H-x86_64-mingw32/nios2-elf/lib\libsmallc.a(lib_a-putc.o)
 .debug_aranges
                0x0000000000000170       0x20 c:/intelfpga_lite/18.1/nios2eds/bin/gnu/h-x86_64-mingw32/bin/../lib/gcc/nios2-elf/5.3.0/../../../../../H-x86_64-mingw32/nios2-elf/lib\libsmallc.a(lib_a-writer.o)
 .debug_aranges
                0x0000000000000190       0x18 c:/intelfpga_lite/18.1/nios2eds/bin/gnu/h-x86_64-mingw32/bin/../lib/gcc/nios2-elf/5.3.0/../../../../../H-x86_64-mingw32/nios2-elf/lib\libsmallc.a(lib_a-int_errno.o)
 .debug_aranges
                0x00000000000001a8       0x20 c:/intelfpga_lite/18.1/nios2eds/bin/gnu/h-x86_64-mingw32/bin/../lib/gcc/nios2-elf/5.3.0\libgcc.a(lib2-divmod.o)
 .debug_aranges
                0x00000000000001c8       0x20 ../Nios_Custom_bsp/\libhal_bsp.a(alt_load.o)
 .debug_aranges
                0x00000000000001e8       0x20 ../Nios_Custom_bsp/\libhal_bsp.a(alt_main.o)
 .debug_aranges
                0x0000000000000208       0x20 ../Nios_Custom_bsp/\libhal_bsp.a(alt_write.o)
 .debug_aranges
                0x0000000000000228       0x20 ../Nios_Custom_bsp/\libhal_bsp.a(alt_sys_init.o)
 .debug_aranges
                0x0000000000000248       0x20 ../Nios_Custom_bsp/\libhal_bsp.a(altera_avalon_jtag_uart_fd.o)
 .debug_aranges
                0x0000000000000268       0x20 ../Nios_Custom_bsp/\libhal_bsp.a(altera_avalon_jtag_uart_init.o)
 .debug_aranges
                0x0000000000000288       0x20 ../Nios_Custom_bsp/\libhal_bsp.a(altera_avalon_jtag_uart_ioctl.o)
 .debug_aranges
                0x00000000000002a8       0x20 ../Nios_Custom_bsp/\libhal_bsp.a(altera_avalon_jtag_uart_read.o)
 .debug_aranges
                0x00000000000002c8       0x20 ../Nios_Custom_bsp/\libhal_bsp.a(altera_avalon_jtag_uart_write.o)
 .debug_aranges
                0x00000000000002e8       0x20 ../Nios_Custom_bsp/\libhal_bsp.a(altera_avalon_timer_ts.o)
 .debug_aranges
                0x0000000000000308       0x18 ../Nios_Custom_bsp/\libhal_bsp.a(altera_avalon_timer_vars.o)
 .debug_aranges
                0x0000000000000320       0x20 ../Nios_Custom_bsp/\libhal_bsp.a(alt_alarm_start.o)
 .debug_aranges
                0x0000000000000340       0x20 ../Nios_Custom_bsp/\libhal_bsp.a(alt_close.o)
 .debug_aranges
                0x0000000000000360       0x20 ../Nios_Custom_bsp/\libhal_bsp.a(alt_dcache_flush_all.o)
 .debug_aranges
                0x0000000000000380       0x20 ../Nios_Custom_bsp/\libhal_bsp.a(alt_dev.o)
 .debug_aranges
                0x00000000000003a0       0x20 ../Nios_Custom_bsp/\libhal_bsp.a(alt_dev_llist_insert.o)
 .debug_aranges
                0x00000000000003c0       0x20 ../Nios_Custom_bsp/\libhal_bsp.a(alt_do_ctors.o)
 .debug_aranges
                0x00000000000003e0       0x20 ../Nios_Custom_bsp/\libhal_bsp.a(alt_do_dtors.o)
 .debug_aranges
                0x0000000000000400       0x18 ../Nios_Custom_bsp/\libhal_bsp.a(alt_errno.o)
 .debug_aranges
                0x0000000000000418       0x20 ../Nios_Custom_bsp/\libhal_bsp.a(alt_icache_flush_all.o)
 .debug_aranges
                0x0000000000000438       0x20 ../Nios_Custom_bsp/\libhal_bsp.a(alt_iic.o)
 .debug_aranges
                0x0000000000000458       0x20 ../Nios_Custom_bsp/\libhal_bsp.a(alt_iic_isr_register.o)
 .debug_aranges
                0x0000000000000478       0x20 ../Nios_Custom_bsp/\libhal_bsp.a(alt_io_redirect.o)
 .debug_aranges
                0x0000000000000498       0x30 ../Nios_Custom_bsp/\libhal_bsp.a(alt_irq_entry.o)
 .debug_aranges
                0x00000000000004c8       0x20 ../Nios_Custom_bsp/\libhal_bsp.a(alt_irq_handler.o)
 .debug_aranges
                0x00000000000004e8       0x18 ../Nios_Custom_bsp/\libhal_bsp.a(alt_irq_vars.o)
 .debug_aranges
                0x0000000000000500       0x20 ../Nios_Custom_bsp/\libhal_bsp.a(alt_open.o)
 .debug_aranges
                0x0000000000000520       0x20 ../Nios_Custom_bsp/\libhal_bsp.a(alt_release_fd.o)
 .debug_aranges
                0x0000000000000540       0x20 ../Nios_Custom_bsp/\libhal_bsp.a(alt_tick.o)
 .debug_aranges
                0x0000000000000560       0x20 ../Nios_Custom_bsp/\libhal_bsp.a(altera_nios2_gen2_irq.o)
 .debug_aranges
                0x0000000000000580       0x38 ../Nios_Custom_bsp/\libhal_bsp.a(alt_exception_entry.o)
 .debug_aranges
                0x00000000000005b8       0x20 ../Nios_Custom_bsp/\libhal_bsp.a(alt_find_dev.o)
 .debug_aranges
                0x00000000000005d8       0x20 ../Nios_Custom_bsp/\libhal_bsp.a(alt_find_file.o)
 .debug_aranges
                0x00000000000005f8       0x20 ../Nios_Custom_bsp/\libhal_bsp.a(alt_get_fd.o)
 .debug_aranges
                0x0000000000000618       0x20 ../Nios_Custom_bsp/\libhal_bsp.a(alt_icache_flush.o)
 .debug_aranges
                0x0000000000000638       0x28 ../Nios_Custom_bsp/\libhal_bsp.a(alt_instruction_exception_entry.o)
 .debug_aranges
                0x0000000000000660       0x20 c:/intelfpga_lite/18.1/nios2eds/bin/gnu/h-x86_64-mingw32/bin/../lib/gcc/nios2-elf/5.3.0/../../../../../H-x86_64-mingw32/nios2-elf/lib\libsmallc.a(lib_a-atexit.o)
 .debug_aranges
                0x0000000000000680       0x20 c:/intelfpga_lite/18.1/nios2eds/bin/gnu/h-x86_64-mingw32/bin/../lib/gcc/nios2-elf/5.3.0/../../../../../H-x86_64-mingw32/nios2-elf/lib\libsmallc.a(lib_a-exit.o)
 .debug_aranges
                0x00000000000006a0       0x20 c:/intelfpga_lite/18.1/nios2eds/bin/gnu/h-x86_64-mingw32/bin/../lib/gcc/nios2-elf/5.3.0/../../../../../H-x86_64-mingw32/nios2-elf/lib\libsmallc.a(lib_a-memcmp.o)
 .debug_aranges
                0x00000000000006c0       0x20 c:/intelfpga_lite/18.1/nios2eds/bin/gnu/h-x86_64-mingw32/bin/../lib/gcc/nios2-elf/5.3.0/../../../../../H-x86_64-mingw32/nios2-elf/lib\libsmallc.a(lib_a-memcpy.o)
 .debug_aranges
                0x00000000000006e0       0x20 c:/intelfpga_lite/18.1/nios2eds/bin/gnu/h-x86_64-mingw32/bin/../lib/gcc/nios2-elf/5.3.0/../../../../../H-x86_64-mingw32/nios2-elf/lib\libsmallc.a(lib_a-__atexit.o)
 .debug_aranges
                0x0000000000000700       0x20 c:/intelfpga_lite/18.1/nios2eds/bin/gnu/h-x86_64-mingw32/bin/../lib/gcc/nios2-elf/5.3.0/../../../../../H-x86_64-mingw32/nios2-elf/lib\libsmallc.a(lib_a-__call_atexit.o)
 .debug_aranges
                0x0000000000000720       0x20 ../Nios_Custom_bsp/\libhal_bsp.a(alt_exit.o)

.debug_pubnames
 *(.debug_pubnames)

.debug_info     0x0000000000000000     0xa146
 *(.debug_info .gnu.linkonce.wi.*)
 .debug_info    0x0000000000000000       0x7b ../Nios_Custom_bsp//obj/HAL/src/crt0.o
 .debug_info    0x000000000000007b      0x2b5 obj/default/hello_world.o
 .debug_info    0x0000000000000330      0x699 c:/intelfpga_lite/18.1/nios2eds/bin/gnu/h-x86_64-mingw32/bin/../lib/gcc/nios2-elf/5.3.0/../../../../../H-x86_64-mingw32/nios2-elf/lib\libsmallc.a(lib_a-printf.o)
 .debug_info    0x00000000000009c9      0x62a c:/intelfpga_lite/18.1/nios2eds/bin/gnu/h-x86_64-mingw32/bin/../lib/gcc/nios2-elf/5.3.0/../../../../../H-x86_64-mingw32/nios2-elf/lib\libsmallc.a(lib_a-putchar.o)
 .debug_info    0x0000000000000ff3      0x66d c:/intelfpga_lite/18.1/nios2eds/bin/gnu/h-x86_64-mingw32/bin/../lib/gcc/nios2-elf/5.3.0/../../../../../H-x86_64-mingw32/nios2-elf/lib\libsmallc.a(lib_a-puts.o)
 .debug_info    0x0000000000001660       0xc9 c:/intelfpga_lite/18.1/nios2eds/bin/gnu/h-x86_64-mingw32/bin/../lib/gcc/nios2-elf/5.3.0/../../../../../H-x86_64-mingw32/nios2-elf/lib\libsmallc.a(lib_a-strlen.o)
 .debug_info    0x0000000000001729      0xb2b c:/intelfpga_lite/18.1/nios2eds/bin/gnu/h-x86_64-mingw32/bin/../lib/gcc/nios2-elf/5.3.0/../../../../../H-x86_64-mingw32/nios2-elf/lib\libsmallc.a(lib_a-vfprintf.o)
 .debug_info    0x0000000000002254      0x62b c:/intelfpga_lite/18.1/nios2eds/bin/gnu/h-x86_64-mingw32/bin/../lib/gcc/nios2-elf/5.3.0/../../../../../H-x86_64-mingw32/nios2-elf/lib\libsmallc.a(lib_a-fvwrite_small_dev.o)
 .debug_info    0x000000000000287f      0x5a9 c:/intelfpga_lite/18.1/nios2eds/bin/gnu/h-x86_64-mingw32/bin/../lib/gcc/nios2-elf/5.3.0/../../../../../H-x86_64-mingw32/nios2-elf/lib\libsmallc.a(lib_a-impure.o)
 .debug_info    0x0000000000002e28      0x672 c:/intelfpga_lite/18.1/nios2eds/bin/gnu/h-x86_64-mingw32/bin/../lib/gcc/nios2-elf/5.3.0/../../../../../H-x86_64-mingw32/nios2-elf/lib\libsmallc.a(lib_a-putc.o)
 .debug_info    0x000000000000349a      0x630 c:/intelfpga_lite/18.1/nios2eds/bin/gnu/h-x86_64-mingw32/bin/../lib/gcc/nios2-elf/5.3.0/../../../../../H-x86_64-mingw32/nios2-elf/lib\libsmallc.a(lib_a-writer.o)
 .debug_info    0x0000000000003aca       0x8a c:/intelfpga_lite/18.1/nios2eds/bin/gnu/h-x86_64-mingw32/bin/../lib/gcc/nios2-elf/5.3.0/../../../../../H-x86_64-mingw32/nios2-elf/lib\libsmallc.a(lib_a-int_errno.o)
 .debug_info    0x0000000000003b54      0x2c6 c:/intelfpga_lite/18.1/nios2eds/bin/gnu/h-x86_64-mingw32/bin/../lib/gcc/nios2-elf/5.3.0\libgcc.a(lib2-divmod.o)
 .debug_info    0x0000000000003e1a      0x145 ../Nios_Custom_bsp/\libhal_bsp.a(alt_load.o)
 .debug_info    0x0000000000003f5f      0x131 ../Nios_Custom_bsp/\libhal_bsp.a(alt_main.o)
 .debug_info    0x0000000000004090      0x4b7 ../Nios_Custom_bsp/\libhal_bsp.a(alt_write.o)
 .debug_info    0x0000000000004547      0x4d9 ../Nios_Custom_bsp/\libhal_bsp.a(alt_sys_init.o)
 .debug_info    0x0000000000004a20      0x52e ../Nios_Custom_bsp/\libhal_bsp.a(altera_avalon_jtag_uart_fd.o)
 .debug_info    0x0000000000004f4e      0x3a0 ../Nios_Custom_bsp/\libhal_bsp.a(altera_avalon_jtag_uart_init.o)
 .debug_info    0x00000000000052ee      0x280 ../Nios_Custom_bsp/\libhal_bsp.a(altera_avalon_jtag_uart_ioctl.o)
 .debug_info    0x000000000000556e      0x345 ../Nios_Custom_bsp/\libhal_bsp.a(altera_avalon_jtag_uart_read.o)
 .debug_info    0x00000000000058b3      0x340 ../Nios_Custom_bsp/\libhal_bsp.a(altera_avalon_jtag_uart_write.o)
 .debug_info    0x0000000000005bf3      0x17b ../Nios_Custom_bsp/\libhal_bsp.a(altera_avalon_timer_ts.o)
 .debug_info    0x0000000000005d6e       0xe9 ../Nios_Custom_bsp/\libhal_bsp.a(altera_avalon_timer_vars.o)
 .debug_info    0x0000000000005e57      0x2cc ../Nios_Custom_bsp/\libhal_bsp.a(alt_alarm_start.o)
 .debug_info    0x0000000000006123      0x321 ../Nios_Custom_bsp/\libhal_bsp.a(alt_close.o)
 .debug_info    0x0000000000006444       0xa5 ../Nios_Custom_bsp/\libhal_bsp.a(alt_dcache_flush_all.o)
 .debug_info    0x00000000000064e9      0x49c ../Nios_Custom_bsp/\libhal_bsp.a(alt_dev.o)
 .debug_info    0x0000000000006985      0x1a9 ../Nios_Custom_bsp/\libhal_bsp.a(alt_dev_llist_insert.o)
 .debug_info    0x0000000000006b2e       0x83 ../Nios_Custom_bsp/\libhal_bsp.a(alt_do_ctors.o)
 .debug_info    0x0000000000006bb1       0x83 ../Nios_Custom_bsp/\libhal_bsp.a(alt_do_dtors.o)
 .debug_info    0x0000000000006c34       0xa6 ../Nios_Custom_bsp/\libhal_bsp.a(alt_errno.o)
 .debug_info    0x0000000000006cda       0x92 ../Nios_Custom_bsp/\libhal_bsp.a(alt_icache_flush_all.o)
 .debug_info    0x0000000000006d6c      0x350 ../Nios_Custom_bsp/\libhal_bsp.a(alt_iic.o)
 .debug_info    0x00000000000070bc      0x1ef ../Nios_Custom_bsp/\libhal_bsp.a(alt_iic_isr_register.o)
 .debug_info    0x00000000000072ab      0x4a5 ../Nios_Custom_bsp/\libhal_bsp.a(alt_io_redirect.o)
 .debug_info    0x0000000000007750       0x84 ../Nios_Custom_bsp/\libhal_bsp.a(alt_irq_entry.o)
 .debug_info    0x00000000000077d4      0x187 ../Nios_Custom_bsp/\libhal_bsp.a(alt_irq_handler.o)
 .debug_info    0x000000000000795b       0x88 ../Nios_Custom_bsp/\libhal_bsp.a(alt_irq_vars.o)
 .debug_info    0x00000000000079e3      0x3bb ../Nios_Custom_bsp/\libhal_bsp.a(alt_open.o)
 .debug_info    0x0000000000007d9e      0x2b0 ../Nios_Custom_bsp/\libhal_bsp.a(alt_release_fd.o)
 .debug_info    0x000000000000804e      0x299 ../Nios_Custom_bsp/\libhal_bsp.a(alt_tick.o)
 .debug_info    0x00000000000082e7       0x92 ../Nios_Custom_bsp/\libhal_bsp.a(altera_nios2_gen2_irq.o)
 .debug_info    0x0000000000008379       0x8a ../Nios_Custom_bsp/\libhal_bsp.a(alt_exception_entry.o)
 .debug_info    0x0000000000008403      0x2e9 ../Nios_Custom_bsp/\libhal_bsp.a(alt_find_dev.o)
 .debug_info    0x00000000000086ec      0x2e6 ../Nios_Custom_bsp/\libhal_bsp.a(alt_find_file.o)
 .debug_info    0x00000000000089d2      0x310 ../Nios_Custom_bsp/\libhal_bsp.a(alt_get_fd.o)
 .debug_info    0x0000000000008ce2       0xdc ../Nios_Custom_bsp/\libhal_bsp.a(alt_icache_flush.o)
 .debug_info    0x0000000000008dbe      0x1e7 ../Nios_Custom_bsp/\libhal_bsp.a(alt_instruction_exception_entry.o)
 .debug_info    0x0000000000008fa5       0xfe c:/intelfpga_lite/18.1/nios2eds/bin/gnu/h-x86_64-mingw32/bin/../lib/gcc/nios2-elf/5.3.0/../../../../../H-x86_64-mingw32/nios2-elf/lib\libsmallc.a(lib_a-atexit.o)
 .debug_info    0x00000000000090a3       0xe5 c:/intelfpga_lite/18.1/nios2eds/bin/gnu/h-x86_64-mingw32/bin/../lib/gcc/nios2-elf/5.3.0/../../../../../H-x86_64-mingw32/nios2-elf/lib\libsmallc.a(lib_a-exit.o)
 .debug_info    0x0000000000009188       0xf4 c:/intelfpga_lite/18.1/nios2eds/bin/gnu/h-x86_64-mingw32/bin/../lib/gcc/nios2-elf/5.3.0/../../../../../H-x86_64-mingw32/nios2-elf/lib\libsmallc.a(lib_a-memcmp.o)
 .debug_info    0x000000000000927c      0x119 c:/intelfpga_lite/18.1/nios2eds/bin/gnu/h-x86_64-mingw32/bin/../lib/gcc/nios2-elf/5.3.0/../../../../../H-x86_64-mingw32/nios2-elf/lib\libsmallc.a(lib_a-memcpy.o)
 .debug_info    0x0000000000009395      0x64a c:/intelfpga_lite/18.1/nios2eds/bin/gnu/h-x86_64-mingw32/bin/../lib/gcc/nios2-elf/5.3.0/../../../../../H-x86_64-mingw32/nios2-elf/lib\libsmallc.a(lib_a-__atexit.o)
 .debug_info    0x00000000000099df      0x67b c:/intelfpga_lite/18.1/nios2eds/bin/gnu/h-x86_64-mingw32/bin/../lib/gcc/nios2-elf/5.3.0/../../../../../H-x86_64-mingw32/nios2-elf/lib\libsmallc.a(lib_a-__call_atexit.o)
 .debug_info    0x000000000000a05a       0xec ../Nios_Custom_bsp/\libhal_bsp.a(alt_exit.o)

.debug_abbrev   0x0000000000000000     0x385b
 *(.debug_abbrev)
 .debug_abbrev  0x0000000000000000       0x12 ../Nios_Custom_bsp//obj/HAL/src/crt0.o
 .debug_abbrev  0x0000000000000012       0xcd obj/default/hello_world.o
 .debug_abbrev  0x00000000000000df      0x1ee c:/intelfpga_lite/18.1/nios2eds/bin/gnu/h-x86_64-mingw32/bin/../lib/gcc/nios2-elf/5.3.0/../../../../../H-x86_64-mingw32/nios2-elf/lib\libsmallc.a(lib_a-printf.o)
 .debug_abbrev  0x00000000000002cd      0x1c0 c:/intelfpga_lite/18.1/nios2eds/bin/gnu/h-x86_64-mingw32/bin/../lib/gcc/nios2-elf/5.3.0/../../../../../H-x86_64-mingw32/nios2-elf/lib\libsmallc.a(lib_a-putchar.o)
 .debug_abbrev  0x000000000000048d      0x1d6 c:/intelfpga_lite/18.1/nios2eds/bin/gnu/h-x86_64-mingw32/bin/../lib/gcc/nios2-elf/5.3.0/../../../../../H-x86_64-mingw32/nios2-elf/lib\libsmallc.a(lib_a-puts.o)
 .debug_abbrev  0x0000000000000663       0x7f c:/intelfpga_lite/18.1/nios2eds/bin/gnu/h-x86_64-mingw32/bin/../lib/gcc/nios2-elf/5.3.0/../../../../../H-x86_64-mingw32/nios2-elf/lib\libsmallc.a(lib_a-strlen.o)
 .debug_abbrev  0x00000000000006e2      0x2a1 c:/intelfpga_lite/18.1/nios2eds/bin/gnu/h-x86_64-mingw32/bin/../lib/gcc/nios2-elf/5.3.0/../../../../../H-x86_64-mingw32/nios2-elf/lib\libsmallc.a(lib_a-vfprintf.o)
 .debug_abbrev  0x0000000000000983      0x1bc c:/intelfpga_lite/18.1/nios2eds/bin/gnu/h-x86_64-mingw32/bin/../lib/gcc/nios2-elf/5.3.0/../../../../../H-x86_64-mingw32/nios2-elf/lib\libsmallc.a(lib_a-fvwrite_small_dev.o)
 .debug_abbrev  0x0000000000000b3f      0x14a c:/intelfpga_lite/18.1/nios2eds/bin/gnu/h-x86_64-mingw32/bin/../lib/gcc/nios2-elf/5.3.0/../../../../../H-x86_64-mingw32/nios2-elf/lib\libsmallc.a(lib_a-impure.o)
 .debug_abbrev  0x0000000000000c89      0x1bd c:/intelfpga_lite/18.1/nios2eds/bin/gnu/h-x86_64-mingw32/bin/../lib/gcc/nios2-elf/5.3.0/../../../../../H-x86_64-mingw32/nios2-elf/lib\libsmallc.a(lib_a-putc.o)
 .debug_abbrev  0x0000000000000e46      0x1a6 c:/intelfpga_lite/18.1/nios2eds/bin/gnu/h-x86_64-mingw32/bin/../lib/gcc/nios2-elf/5.3.0/../../../../../H-x86_64-mingw32/nios2-elf/lib\libsmallc.a(lib_a-writer.o)
 .debug_abbrev  0x0000000000000fec       0x37 c:/intelfpga_lite/18.1/nios2eds/bin/gnu/h-x86_64-mingw32/bin/../lib/gcc/nios2-elf/5.3.0/../../../../../H-x86_64-mingw32/nios2-elf/lib\libsmallc.a(lib_a-int_errno.o)
 .debug_abbrev  0x0000000000001023      0x10e c:/intelfpga_lite/18.1/nios2eds/bin/gnu/h-x86_64-mingw32/bin/../lib/gcc/nios2-elf/5.3.0\libgcc.a(lib2-divmod.o)
 .debug_abbrev  0x0000000000001131       0x9f ../Nios_Custom_bsp/\libhal_bsp.a(alt_load.o)
 .debug_abbrev  0x00000000000011d0       0xba ../Nios_Custom_bsp/\libhal_bsp.a(alt_main.o)
 .debug_abbrev  0x000000000000128a      0x133 ../Nios_Custom_bsp/\libhal_bsp.a(alt_write.o)
 .debug_abbrev  0x00000000000013bd      0x187 ../Nios_Custom_bsp/\libhal_bsp.a(alt_sys_init.o)
 .debug_abbrev  0x0000000000001544      0x127 ../Nios_Custom_bsp/\libhal_bsp.a(altera_avalon_jtag_uart_fd.o)
 .debug_abbrev  0x000000000000166b      0x19e ../Nios_Custom_bsp/\libhal_bsp.a(altera_avalon_jtag_uart_init.o)
 .debug_abbrev  0x0000000000001809      0x111 ../Nios_Custom_bsp/\libhal_bsp.a(altera_avalon_jtag_uart_ioctl.o)
 .debug_abbrev  0x000000000000191a      0x1aa ../Nios_Custom_bsp/\libhal_bsp.a(altera_avalon_jtag_uart_read.o)
 .debug_abbrev  0x0000000000001ac4      0x1a8 ../Nios_Custom_bsp/\libhal_bsp.a(altera_avalon_jtag_uart_write.o)
 .debug_abbrev  0x0000000000001c6c       0xc4 ../Nios_Custom_bsp/\libhal_bsp.a(altera_avalon_timer_ts.o)
 .debug_abbrev  0x0000000000001d30       0x83 ../Nios_Custom_bsp/\libhal_bsp.a(altera_avalon_timer_vars.o)
 .debug_abbrev  0x0000000000001db3      0x162 ../Nios_Custom_bsp/\libhal_bsp.a(alt_alarm_start.o)
 .debug_abbrev  0x0000000000001f15      0x11f ../Nios_Custom_bsp/\libhal_bsp.a(alt_close.o)
 .debug_abbrev  0x0000000000002034       0x5a ../Nios_Custom_bsp/\libhal_bsp.a(alt_dcache_flush_all.o)
 .debug_abbrev  0x000000000000208e       0xd9 ../Nios_Custom_bsp/\libhal_bsp.a(alt_dev.o)
 .debug_abbrev  0x0000000000002167      0x114 ../Nios_Custom_bsp/\libhal_bsp.a(alt_dev_llist_insert.o)
 .debug_abbrev  0x000000000000227b       0x79 ../Nios_Custom_bsp/\libhal_bsp.a(alt_do_ctors.o)
 .debug_abbrev  0x00000000000022f4       0x79 ../Nios_Custom_bsp/\libhal_bsp.a(alt_do_dtors.o)
 .debug_abbrev  0x000000000000236d       0x5a ../Nios_Custom_bsp/\libhal_bsp.a(alt_errno.o)
 .debug_abbrev  0x00000000000023c7       0x42 ../Nios_Custom_bsp/\libhal_bsp.a(alt_icache_flush_all.o)
 .debug_abbrev  0x0000000000002409      0x163 ../Nios_Custom_bsp/\libhal_bsp.a(alt_iic.o)
 .debug_abbrev  0x000000000000256c      0x169 ../Nios_Custom_bsp/\libhal_bsp.a(alt_iic_isr_register.o)
 .debug_abbrev  0x00000000000026d5      0x114 ../Nios_Custom_bsp/\libhal_bsp.a(alt_io_redirect.o)
 .debug_abbrev  0x00000000000027e9       0x12 ../Nios_Custom_bsp/\libhal_bsp.a(alt_irq_entry.o)
 .debug_abbrev  0x00000000000027fb      0x122 ../Nios_Custom_bsp/\libhal_bsp.a(alt_irq_handler.o)
 .debug_abbrev  0x000000000000291d       0x40 ../Nios_Custom_bsp/\libhal_bsp.a(alt_irq_vars.o)
 .debug_abbrev  0x000000000000295d      0x148 ../Nios_Custom_bsp/\libhal_bsp.a(alt_open.o)
 .debug_abbrev  0x0000000000002aa5       0xde ../Nios_Custom_bsp/\libhal_bsp.a(alt_release_fd.o)
 .debug_abbrev  0x0000000000002b83      0x15a ../Nios_Custom_bsp/\libhal_bsp.a(alt_tick.o)
 .debug_abbrev  0x0000000000002cdd       0x42 ../Nios_Custom_bsp/\libhal_bsp.a(altera_nios2_gen2_irq.o)
 .debug_abbrev  0x0000000000002d1f       0x12 ../Nios_Custom_bsp/\libhal_bsp.a(alt_exception_entry.o)
 .debug_abbrev  0x0000000000002d31       0xf0 ../Nios_Custom_bsp/\libhal_bsp.a(alt_find_dev.o)
 .debug_abbrev  0x0000000000002e21       0xf0 ../Nios_Custom_bsp/\libhal_bsp.a(alt_find_file.o)
 .debug_abbrev  0x0000000000002f11      0x10d ../Nios_Custom_bsp/\libhal_bsp.a(alt_get_fd.o)
 .debug_abbrev  0x000000000000301e       0x8c ../Nios_Custom_bsp/\libhal_bsp.a(alt_icache_flush.o)
 .debug_abbrev  0x00000000000030aa       0xdc ../Nios_Custom_bsp/\libhal_bsp.a(alt_instruction_exception_entry.o)
 .debug_abbrev  0x0000000000003186       0xaa c:/intelfpga_lite/18.1/nios2eds/bin/gnu/h-x86_64-mingw32/bin/../lib/gcc/nios2-elf/5.3.0/../../../../../H-x86_64-mingw32/nios2-elf/lib\libsmallc.a(lib_a-atexit.o)
 .debug_abbrev  0x0000000000003230       0x8b c:/intelfpga_lite/18.1/nios2eds/bin/gnu/h-x86_64-mingw32/bin/../lib/gcc/nios2-elf/5.3.0/../../../../../H-x86_64-mingw32/nios2-elf/lib\libsmallc.a(lib_a-exit.o)
 .debug_abbrev  0x00000000000032bb       0x7f c:/intelfpga_lite/18.1/nios2eds/bin/gnu/h-x86_64-mingw32/bin/../lib/gcc/nios2-elf/5.3.0/../../../../../H-x86_64-mingw32/nios2-elf/lib\libsmallc.a(lib_a-memcmp.o)
 .debug_abbrev  0x000000000000333a       0x9c c:/intelfpga_lite/18.1/nios2eds/bin/gnu/h-x86_64-mingw32/bin/../lib/gcc/nios2-elf/5.3.0/../../../../../H-x86_64-mingw32/nios2-elf/lib\libsmallc.a(lib_a-memcpy.o)
 .debug_abbrev  0x00000000000033d6      0x1e6 c:/intelfpga_lite/18.1/nios2eds/bin/gnu/h-x86_64-mingw32/bin/../lib/gcc/nios2-elf/5.3.0/../../../../../H-x86_64-mingw32/nios2-elf/lib\libsmallc.a(lib_a-__atexit.o)
 .debug_abbrev  0x00000000000035bc      0x1f6 c:/intelfpga_lite/18.1/nios2eds/bin/gnu/h-x86_64-mingw32/bin/../lib/gcc/nios2-elf/5.3.0/../../../../../H-x86_64-mingw32/nios2-elf/lib\libsmallc.a(lib_a-__call_atexit.o)
 .debug_abbrev  0x00000000000037b2       0xa9 ../Nios_Custom_bsp/\libhal_bsp.a(alt_exit.o)

.debug_line     0x0000000000000000     0x3d0e
 *(.debug_line)
 .debug_line    0x0000000000000000       0x72 ../Nios_Custom_bsp//obj/HAL/src/crt0.o
 .debug_line    0x0000000000000072      0x1b3 obj/default/hello_world.o
 .debug_line    0x0000000000000225      0x200 c:/intelfpga_lite/18.1/nios2eds/bin/gnu/h-x86_64-mingw32/bin/../lib/gcc/nios2-elf/5.3.0/../../../../../H-x86_64-mingw32/nios2-elf/lib\libsmallc.a(lib_a-printf.o)
 .debug_line    0x0000000000000425      0x1e6 c:/intelfpga_lite/18.1/nios2eds/bin/gnu/h-x86_64-mingw32/bin/../lib/gcc/nios2-elf/5.3.0/../../../../../H-x86_64-mingw32/nios2-elf/lib\libsmallc.a(lib_a-putchar.o)
 .debug_line    0x000000000000060b      0x203 c:/intelfpga_lite/18.1/nios2eds/bin/gnu/h-x86_64-mingw32/bin/../lib/gcc/nios2-elf/5.3.0/../../../../../H-x86_64-mingw32/nios2-elf/lib\libsmallc.a(lib_a-puts.o)
 .debug_line    0x000000000000080e      0x159 c:/intelfpga_lite/18.1/nios2eds/bin/gnu/h-x86_64-mingw32/bin/../lib/gcc/nios2-elf/5.3.0/../../../../../H-x86_64-mingw32/nios2-elf/lib\libsmallc.a(lib_a-strlen.o)
 .debug_line    0x0000000000000967      0x34f c:/intelfpga_lite/18.1/nios2eds/bin/gnu/h-x86_64-mingw32/bin/../lib/gcc/nios2-elf/5.3.0/../../../../../H-x86_64-mingw32/nios2-elf/lib\libsmallc.a(lib_a-vfprintf.o)
 .debug_line    0x0000000000000cb6      0x1ed c:/intelfpga_lite/18.1/nios2eds/bin/gnu/h-x86_64-mingw32/bin/../lib/gcc/nios2-elf/5.3.0/../../../../../H-x86_64-mingw32/nios2-elf/lib\libsmallc.a(lib_a-fvwrite_small_dev.o)
 .debug_line    0x0000000000000ea3      0x153 c:/intelfpga_lite/18.1/nios2eds/bin/gnu/h-x86_64-mingw32/bin/../lib/gcc/nios2-elf/5.3.0/../../../../../H-x86_64-mingw32/nios2-elf/lib\libsmallc.a(lib_a-impure.o)
 .debug_line    0x0000000000000ff6      0x1ff c:/intelfpga_lite/18.1/nios2eds/bin/gnu/h-x86_64-mingw32/bin/../lib/gcc/nios2-elf/5.3.0/../../../../../H-x86_64-mingw32/nios2-elf/lib\libsmallc.a(lib_a-putc.o)
 .debug_line    0x00000000000011f5      0x1ea c:/intelfpga_lite/18.1/nios2eds/bin/gnu/h-x86_64-mingw32/bin/../lib/gcc/nios2-elf/5.3.0/../../../../../H-x86_64-mingw32/nios2-elf/lib\libsmallc.a(lib_a-writer.o)
 .debug_line    0x00000000000013df       0x5c c:/intelfpga_lite/18.1/nios2eds/bin/gnu/h-x86_64-mingw32/bin/../lib/gcc/nios2-elf/5.3.0/../../../../../H-x86_64-mingw32/nios2-elf/lib\libsmallc.a(lib_a-int_errno.o)
 .debug_line    0x000000000000143b      0x102 c:/intelfpga_lite/18.1/nios2eds/bin/gnu/h-x86_64-mingw32/bin/../lib/gcc/nios2-elf/5.3.0\libgcc.a(lib2-divmod.o)
 .debug_line    0x000000000000153d       0x8e ../Nios_Custom_bsp/\libhal_bsp.a(alt_load.o)
 .debug_line    0x00000000000015cb       0xa4 ../Nios_Custom_bsp/\libhal_bsp.a(alt_main.o)
 .debug_line    0x000000000000166f      0x1db ../Nios_Custom_bsp/\libhal_bsp.a(alt_write.o)
 .debug_line    0x000000000000184a      0x150 ../Nios_Custom_bsp/\libhal_bsp.a(alt_sys_init.o)
 .debug_line    0x000000000000199a      0x12f ../Nios_Custom_bsp/\libhal_bsp.a(altera_avalon_jtag_uart_fd.o)
 .debug_line    0x0000000000001ac9      0x18b ../Nios_Custom_bsp/\libhal_bsp.a(altera_avalon_jtag_uart_init.o)
 .debug_line    0x0000000000001c54      0x131 ../Nios_Custom_bsp/\libhal_bsp.a(altera_avalon_jtag_uart_ioctl.o)
 .debug_line    0x0000000000001d85      0x171 ../Nios_Custom_bsp/\libhal_bsp.a(altera_avalon_jtag_uart_read.o)
 .debug_line    0x0000000000001ef6      0x170 ../Nios_Custom_bsp/\libhal_bsp.a(altera_avalon_jtag_uart_write.o)
 .debug_line    0x0000000000002066       0xdd ../Nios_Custom_bsp/\libhal_bsp.a(altera_avalon_timer_ts.o)
 .debug_line    0x0000000000002143       0x8a ../Nios_Custom_bsp/\libhal_bsp.a(altera_avalon_timer_vars.o)
 .debug_line    0x00000000000021cd       0xf9 ../Nios_Custom_bsp/\libhal_bsp.a(alt_alarm_start.o)
 .debug_line    0x00000000000022c6      0x165 ../Nios_Custom_bsp/\libhal_bsp.a(alt_close.o)
 .debug_line    0x000000000000242b       0x61 ../Nios_Custom_bsp/\libhal_bsp.a(alt_dcache_flush_all.o)
 .debug_line    0x000000000000248c       0xf8 ../Nios_Custom_bsp/\libhal_bsp.a(alt_dev.o)
 .debug_line    0x0000000000002584       0xcf ../Nios_Custom_bsp/\libhal_bsp.a(alt_dev_llist_insert.o)
 .debug_line    0x0000000000002653       0x59 ../Nios_Custom_bsp/\libhal_bsp.a(alt_do_ctors.o)
 .debug_line    0x00000000000026ac       0x59 ../Nios_Custom_bsp/\libhal_bsp.a(alt_do_dtors.o)
 .debug_line    0x0000000000002705       0x51 ../Nios_Custom_bsp/\libhal_bsp.a(alt_errno.o)
 .debug_line    0x0000000000002756       0x50 ../Nios_Custom_bsp/\libhal_bsp.a(alt_icache_flush_all.o)
 .debug_line    0x00000000000027a6       0xeb ../Nios_Custom_bsp/\libhal_bsp.a(alt_iic.o)
 .debug_line    0x0000000000002891       0xdb ../Nios_Custom_bsp/\libhal_bsp.a(alt_iic_isr_register.o)
 .debug_line    0x000000000000296c      0x133 ../Nios_Custom_bsp/\libhal_bsp.a(alt_io_redirect.o)
 .debug_line    0x0000000000002a9f       0x6b ../Nios_Custom_bsp/\libhal_bsp.a(alt_irq_entry.o)
 .debug_line    0x0000000000002b0a       0xaa ../Nios_Custom_bsp/\libhal_bsp.a(alt_irq_handler.o)
 .debug_line    0x0000000000002bb4       0x50 ../Nios_Custom_bsp/\libhal_bsp.a(alt_irq_vars.o)
 .debug_line    0x0000000000002c04      0x128 ../Nios_Custom_bsp/\libhal_bsp.a(alt_open.o)
 .debug_line    0x0000000000002d2c       0xae ../Nios_Custom_bsp/\libhal_bsp.a(alt_release_fd.o)
 .debug_line    0x0000000000002dda       0xff ../Nios_Custom_bsp/\libhal_bsp.a(alt_tick.o)
 .debug_line    0x0000000000002ed9       0x51 ../Nios_Custom_bsp/\libhal_bsp.a(altera_nios2_gen2_irq.o)
 .debug_line    0x0000000000002f2a       0xb3 ../Nios_Custom_bsp/\libhal_bsp.a(alt_exception_entry.o)
 .debug_line    0x0000000000002fdd       0xb5 ../Nios_Custom_bsp/\libhal_bsp.a(alt_find_dev.o)
 .debug_line    0x0000000000003092       0xd1 ../Nios_Custom_bsp/\libhal_bsp.a(alt_find_file.o)
 .debug_line    0x0000000000003163       0xd4 ../Nios_Custom_bsp/\libhal_bsp.a(alt_get_fd.o)
 .debug_line    0x0000000000003237       0x81 ../Nios_Custom_bsp/\libhal_bsp.a(alt_icache_flush.o)
 .debug_line    0x00000000000032b8       0xba ../Nios_Custom_bsp/\libhal_bsp.a(alt_instruction_exception_entry.o)
 .debug_line    0x0000000000003372       0xe4 c:/intelfpga_lite/18.1/nios2eds/bin/gnu/h-x86_64-mingw32/bin/../lib/gcc/nios2-elf/5.3.0/../../../../../H-x86_64-mingw32/nios2-elf/lib\libsmallc.a(lib_a-atexit.o)
 .debug_line    0x0000000000003456      0x156 c:/intelfpga_lite/18.1/nios2eds/bin/gnu/h-x86_64-mingw32/bin/../lib/gcc/nios2-elf/5.3.0/../../../../../H-x86_64-mingw32/nios2-elf/lib\libsmallc.a(lib_a-exit.o)
 .debug_line    0x00000000000035ac      0x15d c:/intelfpga_lite/18.1/nios2eds/bin/gnu/h-x86_64-mingw32/bin/../lib/gcc/nios2-elf/5.3.0/../../../../../H-x86_64-mingw32/nios2-elf/lib\libsmallc.a(lib_a-memcmp.o)
 .debug_line    0x0000000000003709      0x15b c:/intelfpga_lite/18.1/nios2eds/bin/gnu/h-x86_64-mingw32/bin/../lib/gcc/nios2-elf/5.3.0/../../../../../H-x86_64-mingw32/nios2-elf/lib\libsmallc.a(lib_a-memcpy.o)
 .debug_line    0x0000000000003864      0x20a c:/intelfpga_lite/18.1/nios2eds/bin/gnu/h-x86_64-mingw32/bin/../lib/gcc/nios2-elf/5.3.0/../../../../../H-x86_64-mingw32/nios2-elf/lib\libsmallc.a(lib_a-__atexit.o)
 .debug_line    0x0000000000003a6e      0x22f c:/intelfpga_lite/18.1/nios2eds/bin/gnu/h-x86_64-mingw32/bin/../lib/gcc/nios2-elf/5.3.0/../../../../../H-x86_64-mingw32/nios2-elf/lib\libsmallc.a(lib_a-__call_atexit.o)
 .debug_line    0x0000000000003c9d       0x71 ../Nios_Custom_bsp/\libhal_bsp.a(alt_exit.o)

.debug_frame    0x0000000000000000      0xe00
 *(.debug_frame)
 .debug_frame   0x0000000000000000       0x3c obj/default/hello_world.o
 .debug_frame   0x000000000000003c       0x48 c:/intelfpga_lite/18.1/nios2eds/bin/gnu/h-x86_64-mingw32/bin/../lib/gcc/nios2-elf/5.3.0/../../../../../H-x86_64-mingw32/nios2-elf/lib\libsmallc.a(lib_a-printf.o)
 .debug_frame   0x0000000000000084       0x30 c:/intelfpga_lite/18.1/nios2eds/bin/gnu/h-x86_64-mingw32/bin/../lib/gcc/nios2-elf/5.3.0/../../../../../H-x86_64-mingw32/nios2-elf/lib\libsmallc.a(lib_a-putchar.o)
 .debug_frame   0x00000000000000b4       0x48 c:/intelfpga_lite/18.1/nios2eds/bin/gnu/h-x86_64-mingw32/bin/../lib/gcc/nios2-elf/5.3.0/../../../../../H-x86_64-mingw32/nios2-elf/lib\libsmallc.a(lib_a-puts.o)
 .debug_frame   0x00000000000000fc       0x20 c:/intelfpga_lite/18.1/nios2eds/bin/gnu/h-x86_64-mingw32/bin/../lib/gcc/nios2-elf/5.3.0/../../../../../H-x86_64-mingw32/nios2-elf/lib\libsmallc.a(lib_a-strlen.o)
 .debug_frame   0x000000000000011c       0x8c c:/intelfpga_lite/18.1/nios2eds/bin/gnu/h-x86_64-mingw32/bin/../lib/gcc/nios2-elf/5.3.0/../../../../../H-x86_64-mingw32/nios2-elf/lib\libsmallc.a(lib_a-vfprintf.o)
 .debug_frame   0x00000000000001a8       0x58 c:/intelfpga_lite/18.1/nios2eds/bin/gnu/h-x86_64-mingw32/bin/../lib/gcc/nios2-elf/5.3.0/../../../../../H-x86_64-mingw32/nios2-elf/lib\libsmallc.a(lib_a-fvwrite_small_dev.o)
 .debug_frame   0x0000000000000200       0x50 c:/intelfpga_lite/18.1/nios2eds/bin/gnu/h-x86_64-mingw32/bin/../lib/gcc/nios2-elf/5.3.0/../../../../../H-x86_64-mingw32/nios2-elf/lib\libsmallc.a(lib_a-putc.o)
 .debug_frame   0x0000000000000250       0x38 c:/intelfpga_lite/18.1/nios2eds/bin/gnu/h-x86_64-mingw32/bin/../lib/gcc/nios2-elf/5.3.0/../../../../../H-x86_64-mingw32/nios2-elf/lib\libsmallc.a(lib_a-writer.o)
 .debug_frame   0x0000000000000288       0x50 c:/intelfpga_lite/18.1/nios2eds/bin/gnu/h-x86_64-mingw32/bin/../lib/gcc/nios2-elf/5.3.0\libgcc.a(lib2-divmod.o)
 .debug_frame   0x00000000000002d8       0x5c ../Nios_Custom_bsp/\libhal_bsp.a(alt_load.o)
 .debug_frame   0x0000000000000334       0x2c ../Nios_Custom_bsp/\libhal_bsp.a(alt_main.o)
 .debug_frame   0x0000000000000360       0x60 ../Nios_Custom_bsp/\libhal_bsp.a(alt_write.o)
 .debug_frame   0x00000000000003c0       0x88 ../Nios_Custom_bsp/\libhal_bsp.a(alt_sys_init.o)
 .debug_frame   0x0000000000000448       0xb0 ../Nios_Custom_bsp/\libhal_bsp.a(altera_avalon_jtag_uart_fd.o)
 .debug_frame   0x00000000000004f8       0xa4 ../Nios_Custom_bsp/\libhal_bsp.a(altera_avalon_jtag_uart_init.o)
 .debug_frame   0x000000000000059c       0x34 ../Nios_Custom_bsp/\libhal_bsp.a(altera_avalon_jtag_uart_ioctl.o)
 .debug_frame   0x00000000000005d0       0x38 ../Nios_Custom_bsp/\libhal_bsp.a(altera_avalon_jtag_uart_read.o)
 .debug_frame   0x0000000000000608       0x38 ../Nios_Custom_bsp/\libhal_bsp.a(altera_avalon_jtag_uart_write.o)
 .debug_frame   0x0000000000000640       0x7c ../Nios_Custom_bsp/\libhal_bsp.a(altera_avalon_timer_ts.o)
 .debug_frame   0x00000000000006bc       0x34 ../Nios_Custom_bsp/\libhal_bsp.a(alt_alarm_start.o)
 .debug_frame   0x00000000000006f0       0x60 ../Nios_Custom_bsp/\libhal_bsp.a(alt_close.o)
 .debug_frame   0x0000000000000750       0x34 ../Nios_Custom_bsp/\libhal_bsp.a(alt_dcache_flush_all.o)
 .debug_frame   0x0000000000000784       0x34 ../Nios_Custom_bsp/\libhal_bsp.a(alt_dev.o)
 .debug_frame   0x00000000000007b8       0x60 ../Nios_Custom_bsp/\libhal_bsp.a(alt_dev_llist_insert.o)
 .debug_frame   0x0000000000000818       0x38 ../Nios_Custom_bsp/\libhal_bsp.a(alt_do_ctors.o)
 .debug_frame   0x0000000000000850       0x38 ../Nios_Custom_bsp/\libhal_bsp.a(alt_do_dtors.o)
 .debug_frame   0x0000000000000888       0x38 ../Nios_Custom_bsp/\libhal_bsp.a(alt_icache_flush_all.o)
 .debug_frame   0x00000000000008c0       0xa4 ../Nios_Custom_bsp/\libhal_bsp.a(alt_iic.o)
 .debug_frame   0x0000000000000964       0x38 ../Nios_Custom_bsp/\libhal_bsp.a(alt_iic_isr_register.o)
 .debug_frame   0x000000000000099c       0x60 ../Nios_Custom_bsp/\libhal_bsp.a(alt_io_redirect.o)
 .debug_frame   0x00000000000009fc       0x38 ../Nios_Custom_bsp/\libhal_bsp.a(alt_irq_handler.o)
 .debug_frame   0x0000000000000a34       0x84 ../Nios_Custom_bsp/\libhal_bsp.a(alt_open.o)
 .debug_frame   0x0000000000000ab8       0x34 ../Nios_Custom_bsp/\libhal_bsp.a(alt_release_fd.o)
 .debug_frame   0x0000000000000aec       0x5c ../Nios_Custom_bsp/\libhal_bsp.a(alt_tick.o)
 .debug_frame   0x0000000000000b48       0x34 ../Nios_Custom_bsp/\libhal_bsp.a(altera_nios2_gen2_irq.o)
 .debug_frame   0x0000000000000b7c       0x38 ../Nios_Custom_bsp/\libhal_bsp.a(alt_find_dev.o)
 .debug_frame   0x0000000000000bb4       0x38 ../Nios_Custom_bsp/\libhal_bsp.a(alt_find_file.o)
 .debug_frame   0x0000000000000bec       0x34 ../Nios_Custom_bsp/\libhal_bsp.a(alt_get_fd.o)
 .debug_frame   0x0000000000000c20       0x34 ../Nios_Custom_bsp/\libhal_bsp.a(alt_icache_flush.o)
 .debug_frame   0x0000000000000c54       0x5c ../Nios_Custom_bsp/\libhal_bsp.a(alt_instruction_exception_entry.o)
 .debug_frame   0x0000000000000cb0       0x20 c:/intelfpga_lite/18.1/nios2eds/bin/gnu/h-x86_64-mingw32/bin/../lib/gcc/nios2-elf/5.3.0/../../../../../H-x86_64-mingw32/nios2-elf/lib\libsmallc.a(lib_a-atexit.o)
 .debug_frame   0x0000000000000cd0       0x28 c:/intelfpga_lite/18.1/nios2eds/bin/gnu/h-x86_64-mingw32/bin/../lib/gcc/nios2-elf/5.3.0/../../../../../H-x86_64-mingw32/nios2-elf/lib\libsmallc.a(lib_a-exit.o)
 .debug_frame   0x0000000000000cf8       0x20 c:/intelfpga_lite/18.1/nios2eds/bin/gnu/h-x86_64-mingw32/bin/../lib/gcc/nios2-elf/5.3.0/../../../../../H-x86_64-mingw32/nios2-elf/lib\libsmallc.a(lib_a-memcmp.o)
 .debug_frame   0x0000000000000d18       0x20 c:/intelfpga_lite/18.1/nios2eds/bin/gnu/h-x86_64-mingw32/bin/../lib/gcc/nios2-elf/5.3.0/../../../../../H-x86_64-mingw32/nios2-elf/lib\libsmallc.a(lib_a-memcpy.o)
 .debug_frame   0x0000000000000d38       0x48 c:/intelfpga_lite/18.1/nios2eds/bin/gnu/h-x86_64-mingw32/bin/../lib/gcc/nios2-elf/5.3.0/../../../../../H-x86_64-mingw32/nios2-elf/lib\libsmallc.a(lib_a-__atexit.o)
 .debug_frame   0x0000000000000d80       0x54 c:/intelfpga_lite/18.1/nios2eds/bin/gnu/h-x86_64-mingw32/bin/../lib/gcc/nios2-elf/5.3.0/../../../../../H-x86_64-mingw32/nios2-elf/lib\libsmallc.a(lib_a-__call_atexit.o)
 .debug_frame   0x0000000000000dd4       0x2c ../Nios_Custom_bsp/\libhal_bsp.a(alt_exit.o)

.debug_str      0x0000000000000000     0x2025
 *(.debug_str)
 .debug_str     0x0000000000000000      0x14d obj/default/hello_world.o
                                        0x190 (size before relaxing)
 .debug_str     0x000000000000014d      0x407 c:/intelfpga_lite/18.1/nios2eds/bin/gnu/h-x86_64-mingw32/bin/../lib/gcc/nios2-elf/5.3.0/../../../../../H-x86_64-mingw32/nios2-elf/lib\libsmallc.a(lib_a-printf.o)
                                        0x4ea (size before relaxing)
 .debug_str     0x0000000000000554       0x55 c:/intelfpga_lite/18.1/nios2eds/bin/gnu/h-x86_64-mingw32/bin/../lib/gcc/nios2-elf/5.3.0/../../../../../H-x86_64-mingw32/nios2-elf/lib\libsmallc.a(lib_a-putchar.o)
                                        0x4a7 (size before relaxing)
 .debug_str     0x00000000000005a9       0x60 c:/intelfpga_lite/18.1/nios2eds/bin/gnu/h-x86_64-mingw32/bin/../lib/gcc/nios2-elf/5.3.0/../../../../../H-x86_64-mingw32/nios2-elf/lib\libsmallc.a(lib_a-puts.o)
                                        0x4b3 (size before relaxing)
 .debug_str     0x0000000000000609       0xc4 c:/intelfpga_lite/18.1/nios2eds/bin/gnu/h-x86_64-mingw32/bin/../lib/gcc/nios2-elf/5.3.0/../../../../../H-x86_64-mingw32/nios2-elf/lib\libsmallc.a(lib_a-strlen.o)
                                        0x1cb (size before relaxing)
 .debug_str     0x00000000000006cd      0x1e9 c:/intelfpga_lite/18.1/nios2eds/bin/gnu/h-x86_64-mingw32/bin/../lib/gcc/nios2-elf/5.3.0/../../../../../H-x86_64-mingw32/nios2-elf/lib\libsmallc.a(lib_a-vfprintf.o)
                                        0x665 (size before relaxing)
 .debug_str     0x00000000000008b6       0x60 c:/intelfpga_lite/18.1/nios2eds/bin/gnu/h-x86_64-mingw32/bin/../lib/gcc/nios2-elf/5.3.0/../../../../../H-x86_64-mingw32/nios2-elf/lib\libsmallc.a(lib_a-fvwrite_small_dev.o)
                                        0x4ba (size before relaxing)
 .debug_str     0x0000000000000916       0xe1 c:/intelfpga_lite/18.1/nios2eds/bin/gnu/h-x86_64-mingw32/bin/../lib/gcc/nios2-elf/5.3.0/../../../../../H-x86_64-mingw32/nios2-elf/lib\libsmallc.a(lib_a-impure.o)
                                        0x4a4 (size before relaxing)
 .debug_str     0x00000000000009f7       0x43 c:/intelfpga_lite/18.1/nios2eds/bin/gnu/h-x86_64-mingw32/bin/../lib/gcc/nios2-elf/5.3.0/../../../../../H-x86_64-mingw32/nios2-elf/lib\libsmallc.a(lib_a-putc.o)
                                        0x4b1 (size before relaxing)
 .debug_str     0x0000000000000a3a       0x42 c:/intelfpga_lite/18.1/nios2eds/bin/gnu/h-x86_64-mingw32/bin/../lib/gcc/nios2-elf/5.3.0/../../../../../H-x86_64-mingw32/nios2-elf/lib\libsmallc.a(lib_a-writer.o)
                                        0x49e (size before relaxing)
 .debug_str     0x0000000000000a7c       0x3c c:/intelfpga_lite/18.1/nios2eds/bin/gnu/h-x86_64-mingw32/bin/../lib/gcc/nios2-elf/5.3.0/../../../../../H-x86_64-mingw32/nios2-elf/lib\libsmallc.a(lib_a-int_errno.o)
                                        0x1be (size before relaxing)
 .debug_str     0x0000000000000ab8      0x16d c:/intelfpga_lite/18.1/nios2eds/bin/gnu/h-x86_64-mingw32/bin/../lib/gcc/nios2-elf/5.3.0\libgcc.a(lib2-divmod.o)
                                        0x1b8 (size before relaxing)
 .debug_str     0x0000000000000c25      0x130 ../Nios_Custom_bsp/\libhal_bsp.a(alt_load.o)
                                        0x21c (size before relaxing)
 .debug_str     0x0000000000000d55       0x44 ../Nios_Custom_bsp/\libhal_bsp.a(alt_main.o)
                                        0x1a7 (size before relaxing)
 .debug_str     0x0000000000000d99      0x15a ../Nios_Custom_bsp/\libhal_bsp.a(alt_write.o)
                                        0x302 (size before relaxing)
 .debug_str     0x0000000000000ef3      0x186 ../Nios_Custom_bsp/\libhal_bsp.a(alt_sys_init.o)
                                        0x393 (size before relaxing)
 .debug_str     0x0000000000001079       0xb9 ../Nios_Custom_bsp/\libhal_bsp.a(altera_avalon_jtag_uart_fd.o)
                                        0x3ae (size before relaxing)
 .debug_str     0x0000000000001132       0xd1 ../Nios_Custom_bsp/\libhal_bsp.a(altera_avalon_jtag_uart_init.o)
                                        0x342 (size before relaxing)
 .debug_str     0x0000000000001203       0x4a ../Nios_Custom_bsp/\libhal_bsp.a(altera_avalon_jtag_uart_ioctl.o)
                                        0x29d (size before relaxing)
 .debug_str     0x000000000000124d       0x7f ../Nios_Custom_bsp/\libhal_bsp.a(altera_avalon_jtag_uart_read.o)
                                        0x2f2 (size before relaxing)
 .debug_str     0x00000000000012cc       0x4a ../Nios_Custom_bsp/\libhal_bsp.a(altera_avalon_jtag_uart_write.o)
                                        0x2f3 (size before relaxing)
 .debug_str     0x0000000000001316       0x66 ../Nios_Custom_bsp/\libhal_bsp.a(altera_avalon_timer_ts.o)
                                        0x20e (size before relaxing)
 .debug_str     0x000000000000137c       0x27 ../Nios_Custom_bsp/\libhal_bsp.a(altera_avalon_timer_vars.o)
                                        0x1c3 (size before relaxing)
 .debug_str     0x00000000000013a3       0x59 ../Nios_Custom_bsp/\libhal_bsp.a(alt_alarm_start.o)
                                        0x288 (size before relaxing)
 .debug_str     0x00000000000013fc       0x1b ../Nios_Custom_bsp/\libhal_bsp.a(alt_close.o)
                                        0x215 (size before relaxing)